[    0.000000] Initializing cgroup subsys cpuset
[    0.000000] Initializing cgroup subsys cpu
[    0.000000] Initializing cgroup subsys cpuacct
[    0.000000] Linux version 4.4.0-148-generic (buildd@lgw01-amd64-031) (gcc version 5.4.0 20160609 (Ubuntu 5.4.0-6ubuntu1~16.04.10) ) #174-Ubuntu SMP Tue May 7 12:20:14 UTC 2019 (Ubuntu 4.4.0-148.174-generic 4.4.177)
[    0.000000] Command line: BOOT_IMAGE=/boot/vmlinuz-4.4.0-148-generic root=LABEL=cloudimg-rootfs ro console=tty1 console=ttyS0
[    0.000000] KERNEL supported cpus:
[    0.000000]   Intel GenuineIntel
[    0.000000]   AMD AuthenticAMD
[    0.000000]   Centaur CentaurHauls
[    0.000000] x86/fpu: xstate_offset[2]:  576, xstate_sizes[2]:  256
[    0.000000] x86/fpu: Supporting XSAVE feature 0x01: 'x87 floating point registers'
[    0.000000] x86/fpu: Supporting XSAVE feature 0x02: 'SSE registers'
[    0.000000] x86/fpu: Supporting XSAVE feature 0x04: 'AVX registers'
[    0.000000] x86/fpu: Enabled xstate features 0x7, context size is 832 bytes, using 'standard' format.
[    0.000000] e820: BIOS-provided physical RAM map:
[    0.000000] BIOS-e820: [mem 0x0000000000000000-0x000000000009fbff] usable
[    0.000000] BIOS-e820: [mem 0x000000000009fc00-0x000000000009ffff] reserved
[    0.000000] BIOS-e820: [mem 0x00000000000f0000-0x00000000000fffff] reserved
[    0.000000] BIOS-e820: [mem 0x0000000000100000-0x000000001ffeffff] usable
[    0.000000] BIOS-e820: [mem 0x000000001fff0000-0x000000001fffffff] ACPI data
[    0.000000] BIOS-e820: [mem 0x00000000fec00000-0x00000000fec00fff] reserved
[    0.000000] BIOS-e820: [mem 0x00000000fee00000-0x00000000fee00fff] reserved
[    0.000000] BIOS-e820: [mem 0x00000000fffc0000-0x00000000ffffffff] reserved
[    0.000000] NX (Execute Disable) protection: active
[    0.000000] SMBIOS 2.5 present.
[    0.000000] Hypervisor detected: KVM
[    0.000000] e820: last_pfn = 0x1fff0 max_arch_pfn = 0x400000000
[    0.000000] MTRR: Disabled
[    0.000000] x86/PAT: MTRRs disabled, skipping PAT initialization too.
[    0.000000] CPU MTRRs all blank - virtualized system.
[    0.000000] x86/PAT: Configuration [0-7]: WB  WT  UC- UC  WB  WT  UC- UC  
[    0.000000] found SMP MP-table at [mem 0x0009fff0-0x0009ffff] mapped at [ffff88000009fff0]
[    0.000000] Scanning 1 areas for low memory corruption
[    0.000000] RAMDISK: [mem 0x1e8b5000-0x1f72ffff]
[    0.000000] ACPI: Early table checksum verification disabled
[    0.000000] ACPI: RSDP 0x00000000000E0000 000024 (v02 VBOX  )
[    0.000000] ACPI: XSDT 0x000000001FFF0030 00003C (v01 VBOX   VBOXXSDT 00000001 ASL  00000061)
[    0.000000] ACPI: FACP 0x000000001FFF00F0 0000F4 (v04 VBOX   VBOXFACP 00000001 ASL  00000061)
[    0.000000] ACPI: DSDT 0x000000001FFF0470 0022EA (v02 VBOX   VBOXBIOS 00000002 INTL 20100528)
[    0.000000] ACPI: FACS 0x000000001FFF0200 000040
[    0.000000] ACPI: FACS 0x000000001FFF0200 000040
[    0.000000] ACPI: APIC 0x000000001FFF0240 00005C (v02 VBOX   VBOXAPIC 00000001 ASL  00000061)
[    0.000000] ACPI: SSDT 0x000000001FFF02A0 0001CC (v01 VBOX   VBOXCPUT 00000002 INTL 20100528)
[    0.000000] No NUMA configuration found
[    0.000000] Faking a node at [mem 0x0000000000000000-0x000000001ffeffff]
[    0.000000] NODE_DATA(0) allocated [mem 0x1ffeb000-0x1ffeffff]
[    0.000000] kvm-clock: Using msrs 4b564d01 and 4b564d00
[    0.000000] kvm-clock: cpu 0, msr 0:1ffe3001, primary cpu clock
[    0.000000] kvm-clock: using sched offset of 4524556894 cycles
[    0.000000] clocksource: kvm-clock: mask: 0xffffffffffffffff max_cycles: 0x1cd42e4dffb, max_idle_ns: 881590591483 ns
[    0.000000] Zone ranges:
[    0.000000]   DMA      [mem 0x0000000000001000-0x0000000000ffffff]
[    0.000000]   DMA32    [mem 0x0000000001000000-0x000000001ffeffff]
[    0.000000]   Normal   empty
[    0.000000]   Device   empty
[    0.000000] Movable zone start for each node
[    0.000000] Early memory node ranges
[    0.000000]   node   0: [mem 0x0000000000001000-0x000000000009efff]
[    0.000000]   node   0: [mem 0x0000000000100000-0x000000001ffeffff]
[    0.000000] Initmem setup node 0 [mem 0x0000000000001000-0x000000001ffeffff]
[    0.000000] ACPI: PM-Timer IO Port: 0x4008
[    0.000000] IOAPIC[0]: apic_id 2, version 32, address 0xfec00000, GSI 0-23
[    0.000000] ACPI: INT_SRC_OVR (bus 0 bus_irq 0 global_irq 2 dfl dfl)
[    0.000000] ACPI: INT_SRC_OVR (bus 0 bus_irq 9 global_irq 9 low level)
[    0.000000] Using ACPI (MADT) for SMP configuration information
[    0.000000] smpboot: Allowing 2 CPUs, 0 hotplug CPUs
[    0.000000] PM: Registered nosave memory: [mem 0x00000000-0x00000fff]
[    0.000000] PM: Registered nosave memory: [mem 0x0009f000-0x0009ffff]
[    0.000000] PM: Registered nosave memory: [mem 0x000a0000-0x000effff]
[    0.000000] PM: Registered nosave memory: [mem 0x000f0000-0x000fffff]
[    0.000000] e820: [mem 0x20000000-0xfebfffff] available for PCI devices
[    0.000000] Booting paravirtualized kernel on KVM
[    0.000000] clocksource: refined-jiffies: mask: 0xffffffff max_cycles: 0xffffffff, max_idle_ns: 7645519600211568 ns
[    0.000000] setup_percpu: NR_CPUS:512 nr_cpumask_bits:512 nr_cpu_ids:2 nr_node_ids:1
[    0.000000] PERCPU: Embedded 34 pages/cpu @ffff88001fc00000 s99480 r8192 d31592 u1048576
[    0.000000] Built 1 zonelists in Node order, mobility grouping on.  Total pages: 128888
[    0.000000] Policy zone: DMA32
[    0.000000] Kernel command line: BOOT_IMAGE=/boot/vmlinuz-4.4.0-148-generic root=LABEL=cloudimg-rootfs ro console=tty1 console=ttyS0
[    0.000000] PID hash table entries: 2048 (order: 2, 16384 bytes)
[    0.000000] Memory: 481652K/523832K available (8609K kernel code, 1334K rwdata, 4028K rodata, 1484K init, 1284K bss, 42180K reserved, 0K cma-reserved)
[    0.000000] SLUB: HWalign=64, Order=0-3, MinObjects=0, CPUs=2, Nodes=1
[    0.000000] Kernel/User page tables isolation: enabled
[    0.000000] Hierarchical RCU implementation.
[    0.000000] 	Build-time adjustment of leaf fanout to 64.
[    0.000000] 	RCU restricting CPUs from NR_CPUS=512 to nr_cpu_ids=2.
[    0.000000] RCU: Adjusting geometry for rcu_fanout_leaf=64, nr_cpu_ids=2
[    0.000000] NR_IRQS:33024 nr_irqs:440 16
[    0.000000] Console: colour VGA+ 80x25
[    0.000000] console [tty1] enabled
[    0.000000] console [ttyS0] enabled
[    0.000000] tsc: Detected 2304.000 MHz processor
[    0.409921] Calibrating delay loop (skipped) preset value.. 4608.00 BogoMIPS (lpj=9216000)
[    0.416524] pid_max: default: 32768 minimum: 301
[    0.418893] ACPI: Core revision 20150930
[    0.420649] ACPI: 2 ACPI AML tables successfully acquired and loaded
[    0.422598] Security Framework initialized
[    0.423877] Yama: becoming mindful.
[    0.424717] AppArmor: AppArmor initialized
[    0.426077] Dentry cache hash table entries: 65536 (order: 7, 524288 bytes)
[    0.427615] Inode-cache hash table entries: 32768 (order: 6, 262144 bytes)
[    0.429466] Mount-cache hash table entries: 1024 (order: 1, 8192 bytes)
[    0.431076] Mountpoint-cache hash table entries: 1024 (order: 1, 8192 bytes)
[    0.432782] Initializing cgroup subsys io
[    0.433907] Initializing cgroup subsys memory
[    0.434890] Initializing cgroup subsys devices
[    0.435969] Initializing cgroup subsys freezer
[    0.436965] Initializing cgroup subsys net_cls
[    0.438471] Initializing cgroup subsys perf_event
[    0.439524] Initializing cgroup subsys net_prio
[    0.440568] Initializing cgroup subsys hugetlb
[    0.441568] Initializing cgroup subsys pids
[    0.443741] mce: CPU supports 0 MCE banks
[    0.444999] Last level iTLB entries: 4KB 64, 2MB 8, 4MB 8
[    0.446552] Last level dTLB entries: 4KB 64, 2MB 0, 4MB 0, 1GB 4
[    0.448072] Spectre V2 : Mitigation: Full generic retpoline
[    0.449996] Spectre V2 : Spectre v2 / SpectreRSB mitigation: Filling RSB on context switch
[    0.452697] Speculative Store Bypass: Vulnerable
[    0.454112] MDS: Vulnerable: Clear CPU buffers attempted, no microcode
[    0.458399] Freeing SMP alternatives memory: 36K
[    0.465122] ftrace: allocating 32293 entries in 127 pages
[    0.520208] smpboot: APIC(0) Converting physical 0 to logical package 0
[    0.523363] smpboot: Max logical packages: 1
[    0.528334] x2apic enabled
[    0.531827] Switched APIC routing to physical x2apic.
[    0.535157] ..TIMER: vector=0x30 apic1=0 pin1=2 apic2=-1 pin2=-1
[    0.644100] smpboot: CPU0: Intel(R) Core(TM) i5-7360U CPU @ 2.30GHz (family: 0x6, model: 0x8e, stepping: 0x9)
[    0.647056] Performance Events: unsupported p6 CPU model 142 no PMU driver, software events only.
[    0.660315] KVM setup paravirtual spinlock
[    0.662359] x86: Booting SMP configuration:
[    0.663781] .... node  #0, CPUs:      #1
[    0.665117] kvm-clock: cpu 1, msr 0:1ffe3041, secondary cpu clock
[    0.669726] mce: CPU supports 0 MCE banks
[    0.672414] x86: Booted up 1 node, 2 CPUs
[    0.673869] smpboot: Total of 2 processors activated (9216.00 BogoMIPS)
[    0.678023] devtmpfs: initialized
[    0.680771] evm: security.selinux
[    0.681944] evm: security.SMACK64
[    0.682818] evm: security.SMACK64EXEC
[    0.683674] evm: security.SMACK64TRANSMUTE
[    0.684836] evm: security.SMACK64MMAP
[    0.685964] evm: security.ima
[    0.686701] evm: security.capability
[    0.688350] clocksource: jiffies: mask: 0xffffffff max_cycles: 0xffffffff, max_idle_ns: 7645041785100000 ns
[    0.690470] futex hash table entries: 512 (order: 3, 32768 bytes)
[    0.692022] pinctrl core: initialized pinctrl subsystem
[    0.693724] RTC time:  5:49:52, date: 06/26/19
[    0.695282] NET: Registered protocol family 16
[    0.712566] cpuidle: using governor ladder
[    0.724996] cpuidle: using governor menu
[    0.727276] PCCT header not found.
[    0.728864] ACPI: bus type PCI registered
[    0.730048] acpiphp: ACPI Hot Plug PCI Controller Driver version: 0.5
[    0.732040] PCI: Using configuration type 1 for base access
[    0.745699] ACPI: Added _OSI(Module Device)
[    0.748199] ACPI: Added _OSI(Processor Device)
[    0.749385] ACPI: Added _OSI(3.0 _SCP Extensions)
[    0.750591] ACPI: Added _OSI(Processor Aggregator Device)
[    0.752881] ACPI: Executed 1 blocks of module-level executable AML code
[    0.756758] ACPI: Interpreter enabled
[    0.757921] ACPI: (supports S0 S5)
[    0.759175] ACPI: Using IOAPIC for interrupt routing
[    0.760829] PCI: Using host bridge windows from ACPI; if necessary, use "pci=nocrs" and report a bug
[    0.771223] ACPI: PCI Root Bridge [PCI0] (domain 0000 [bus 00-ff])
[    0.773512] acpi PNP0A03:00: _OSC: OS supports [ASPM ClockPM Segments MSI]
[    0.776660] acpi PNP0A03:00: _OSC: not requesting OS control; OS requires [ExtendedConfig ASPM ClockPM MSI]
[    0.781695] acpi PNP0A03:00: fail to add MMCONFIG information, can't access extended PCI configuration space under this bridge.
[    0.786427] PCI host bridge to bus 0000:00
[    0.788269] pci_bus 0000:00: root bus resource [io  0x0000-0x0cf7 window]
[    0.790404] pci_bus 0000:00: root bus resource [io  0x0d00-0xffff window]
[    0.792703] pci_bus 0000:00: root bus resource [mem 0x000a0000-0x000bffff window]
[    0.795268] pci_bus 0000:00: root bus resource [mem 0x20000000-0xfdffffff window]
[    0.797858] pci_bus 0000:00: root bus resource [bus 00-ff]
[    0.803233] pci 0000:00:01.1: legacy IDE quirk: reg 0x10: [io  0x01f0-0x01f7]
[    0.805577] pci 0000:00:01.1: legacy IDE quirk: reg 0x14: [io  0x03f6]
[    0.808021] pci 0000:00:01.1: legacy IDE quirk: reg 0x18: [io  0x0170-0x0177]
[    0.809941] pci 0000:00:01.1: legacy IDE quirk: reg 0x1c: [io  0x0376]
[    0.830991] pci 0000:00:07.0: quirk: [io  0x4000-0x403f] claimed by PIIX4 ACPI
[    0.846340] pci 0000:00:07.0: quirk: [io  0x4100-0x410f] claimed by PIIX4 SMB
[    0.869238] ACPI: PCI Interrupt Link [LNKA] (IRQs 5 9 10 *11)
[    0.872168] ACPI: PCI Interrupt Link [LNKB] (IRQs 5 9 *10 11)
[    0.875020] ACPI: PCI Interrupt Link [LNKC] (IRQs 5 *9 10 11)
[    0.877984] ACPI: PCI Interrupt Link [LNKD] (IRQs 5 9 10 *11)
[    0.880998] ACPI: Enabled 2 GPEs in block 00 to 07
[    0.883956] vgaarb: setting as boot device: PCI:0000:00:02.0
[    0.886613] vgaarb: device added: PCI:0000:00:02.0,decodes=io+mem,owns=io+mem,locks=none
[    0.889937] vgaarb: loaded
[    0.891184] vgaarb: bridge control possible 0000:00:02.0
[    0.893409] SCSI subsystem initialized
[    0.895559] ACPI: bus type USB registered
[    0.897176] usbcore: registered new interface driver usbfs
[    0.899791] usbcore: registered new interface driver hub
[    0.902088] usbcore: registered new device driver usb
[    0.903939] PCI: Using ACPI for IRQ routing
[    0.905748] NetLabel: Initializing
[    0.907051] NetLabel:  domain hash size = 128
[    0.908914] NetLabel:  protocols = UNLABELED CIPSOv4
[    0.911368] NetLabel:  unlabeled traffic allowed by default
[    0.913757] amd_nb: Cannot enumerate AMD northbridges
[    0.917104] clocksource: Switched to clocksource kvm-clock
[    0.928538] AppArmor: AppArmor Filesystem Enabled
[    0.930483] pnp: PnP ACPI init
[    0.933516] pnp: PnP ACPI: found 3 devices
[    0.948834] clocksource: acpi_pm: mask: 0xffffff max_cycles: 0xffffff, max_idle_ns: 2085701024 ns
[    0.952118] NET: Registered protocol family 2
[    0.954050] TCP established hash table entries: 4096 (order: 3, 32768 bytes)
[    0.956659] TCP bind hash table entries: 4096 (order: 4, 65536 bytes)
[    0.959314] TCP: Hash tables configured (established 4096 bind 4096)
[    0.961047] UDP hash table entries: 256 (order: 1, 8192 bytes)
[    0.963753] UDP-Lite hash table entries: 256 (order: 1, 8192 bytes)
[    0.966195] NET: Registered protocol family 1
[    0.968049] pci 0000:00:00.0: Limiting direct PCI/PCI transfers
[    0.970830] pci 0000:00:01.0: Activating ISA DMA hang workarounds
[    0.974857] Unpacking initramfs...
[    1.199612] Freeing initrd memory: 14828K
[    1.201740] clocksource: tsc: mask: 0xffffffffffffffff max_cycles: 0x2135f7c97c8, max_idle_ns: 440795273205 ns
[    1.206819] platform rtc_cmos: registered platform RTC device (no PNP device found)
[    1.209042] Scanning for low memory corruption every 60 seconds
[    1.210933] audit: initializing netlink subsys (disabled)
[    1.212160] audit: type=2000 audit(1561528198.569:1): initialized
[    1.213748] Initialise system trusted keyring
[    1.214917] HugeTLB registered 2 MB page size, pre-allocated 0 pages
[    1.217608] zbud: loaded
[    1.218682] VFS: Disk quotas dquot_6.6.0
[    1.220028] VFS: Dquot-cache hash table entries: 512 (order 0, 4096 bytes)
[    1.222767] squashfs: version 4.0 (2009/01/31) Phillip Lougher
[    1.224816] fuse init (API version 7.23)
[    1.226238] Key type big_key registered
[    1.227733] Allocating IMA MOK and blacklist keyrings.
[    1.231254] Key type asymmetric registered
[    1.232536] Asymmetric key parser 'x509' registered
[    1.234285] Block layer SCSI generic (bsg) driver version 0.4 loaded (major 249)
[    1.236972] io scheduler noop registered
[    1.238308] io scheduler deadline registered (default)
[    1.239981] io scheduler cfq registered
[    1.241535] pci_hotplug: PCI Hot Plug PCI Core version: 0.5
[    1.243421] pciehp: PCI Express Hot Plug Controller Driver version: 0.4
[    1.245951] ACPI: AC Adapter [AC] (off-line)
[    1.247492] input: Power Button as /devices/LNXSYSTM:00/LNXPWRBN:00/input/input0
[    1.250303] ACPI: Power Button [PWRF]
[    1.252038] input: Sleep Button as /devices/LNXSYSTM:00/LNXSLPBN:00/input/input1
[    1.254299] ACPI: Sleep Button [SLPF]
[    1.255860] GHES: HEST is not enabled!
[    1.257919] ACPI: Battery Slot [BAT0] (battery present)
[    1.260830] Serial: 8250/16550 driver, 32 ports, IRQ sharing enabled
[    1.284750] 00:02: ttyS0 at I/O 0x3f8 (irq = 4, base_baud = 115200) is a 16550A
[    1.294427] Linux agpgart interface v0.103
[    1.301849] loop: module loaded
[    1.304155] scsi host0: ata_piix
[    1.306013] scsi host1: ata_piix
[    1.308415] ata1: PATA max UDMA/33 cmd 0x1f0 ctl 0x3f6 bmdma 0xd000 irq 14
[    1.312726] ata2: PATA max UDMA/33 cmd 0x170 ctl 0x376 bmdma 0xd008 irq 15
[    1.318102] libphy: Fixed MDIO Bus: probed
[    1.321178] tun: Universal TUN/TAP device driver, 1.6
[    1.323944] tun: (C) 1999-2004 Max Krasnyansky <maxk@qualcomm.com>
[    1.327538] PPP generic driver version 2.4.2
[    1.330408] ehci_hcd: USB 2.0 'Enhanced' Host Controller (EHCI) Driver
[    1.334023] ehci-pci: EHCI PCI platform driver
[    1.336720] ehci-platform: EHCI generic platform driver
[    1.340204] ohci_hcd: USB 1.1 'Open' Host Controller (OHCI) Driver
[    1.344537] ohci-pci: OHCI PCI platform driver
[    1.347480] ohci-platform: OHCI generic platform driver
[    1.351532] uhci_hcd: USB Universal Host Controller Interface driver
[    1.355963] i8042: PNP: PS/2 Controller [PNP0303:PS2K,PNP0f03:PS2M] at 0x60,0x64 irq 1,12
[    1.361616] serio: i8042 KBD port at 0x60,0x64 irq 1
[    1.363579] serio: i8042 AUX port at 0x60,0x64 irq 12
[    1.367620] mousedev: PS/2 mouse device common for all mice
[    1.374568] input: AT Translated Set 2 keyboard as /devices/platform/i8042/serio0/input/input2
[    1.381700] rtc_cmos rtc_cmos: rtc core: registered rtc_cmos as rtc0
[    1.383767] rtc_cmos rtc_cmos: alarms up to one day, 114 bytes nvram
[    1.385754] i2c /dev entries driver
[    1.387411] device-mapper: uevent: version 1.0.3
[    1.389276] device-mapper: ioctl: 4.34.0-ioctl (2015-10-28) initialised: dm-devel@redhat.com
[    1.393708] ledtrig-cpu: registered to indicate activity on CPUs
[    1.399005] NET: Registered protocol family 10
[    1.403928] NET: Registered protocol family 17
[    1.405878] Key type dns_resolver registered
[    1.408552] registered taskstats version 1
[    1.409971] Loading compiled-in X.509 certificates
[    1.411827] Loaded X.509 cert 'Build time autogenerated kernel key: 5103689f9da3e841c6100f8bb032b132cf76e38d'
[    1.415346] zswap: loaded using pool lzo/zbud
[    1.419720] Key type trusted registered
[    1.425713] Key type encrypted registered
[    1.427777] AppArmor: AppArmor sha1 policy hashing enabled
[    1.429723] ima: No TPM chip found, activating TPM-bypass!
[    1.431931] ima: Allocated hash algorithm: sha1
[    1.434263] evm: HMAC attrs: 0x1
[    1.437393]   Magic number: 7:270:821
[    1.439246] rtc_cmos rtc_cmos: setting system clock to 2019-06-26 05:49:52 UTC (1561528192)
[    1.443464] BIOS EDD facility v0.16 2004-Jun-25, 0 devices found
[    1.446024] EDD information not available.
[    1.479768] Freeing unused kernel memory: 1484K
[    1.482404] Write protecting the kernel read-only data: 14336k
[    1.485868] Freeing unused kernel memory: 1620K
[    1.490307] Freeing unused kernel memory: 68K
Loading, please wait...
starting version[    1.508427] random: systemd-udevd: uninitialized urandom read (16 bytes read, 3 bits of entropy available)
 229
[    1.508887] random: udevadm: uninitialized urandom read (16 bytes read, 3 bits of entropy available)
[    1.508904] random: udevadm: uninitialized urandom read (16 bytes read, 3 bits of entropy available)
[    1.518510] random: udevadm: uninitialized urandom read (16 bytes read, 3 bits of entropy available)
[    1.518560] random: udevadm: uninitialized urandom read (16 bytes read, 3 bits of entropy available)
[    1.518690] random: udevadm: uninitialized urandom read (16 bytes read, 3 bits of entropy available)
[    1.518735] random: udevadm: uninitialized urandom read (16 bytes read, 3 bits of entropy available)
[    1.518782] random: udevadm: uninitialized urandom read (16 bytes read, 3 bits of entropy available)
[    1.518827] random: udevadm: uninitialized urandom read (16 bytes read, 3 bits of entropy available)
[    1.518869] random: udevadm: uninitialized urandom read (16 bytes read, 3 bits of entropy available)
[    1.588245] e1000: Intel(R) PRO/1000 Network Driver - version 7.3.21-k8-NAPI
[    1.602891] e1000: Copyright (c) 1999-2006 Intel Corporation.
[    1.614513] Fusion MPT base driver 3.04.20
[    1.620413] Copyright (c) 1999-2008 LSI Corporation
[    1.630626] AVX2 version of gcm_enc/dec engaged.
[    1.638181] AES CTR mode by8 optimization enabled
[    1.646461] Fusion MPT SPI Host driver 3.04.20
[    1.842400] input: ImExPS/2 Generic Explorer Mouse as /devices/platform/i8042/serio1/input/input4
[    2.017438] e1000 0000:00:03.0 eth0: (PCI:33MHz:32-bit) 02:11:c2:af:aa:45
[    2.019540] e1000 0000:00:03.0 eth0: Intel(R) PRO/1000 Network Connection
[    2.022454] mptbase: ioc0: Initiating bringup
[    2.085902] ioc0: LSI53C1030 A0: Capabilities={Initiator}
[    2.264007] scsi host2: ioc0: LSI53C1030 A0, FwRev=00000000h, Ports=1, MaxQ=256, IRQ=20
[    2.382097] scsi 2:0:0:0: Direct-Access     VBOX     HARDDISK         1.0  PQ: 0 ANSI: 5
[    2.386216] scsi target2:0:0: Beginning Domain Validation
[    2.395878] scsi target2:0:0: Domain Validation skipping write tests
[    2.398069] scsi target2:0:0: Ending Domain Validation
[    2.402406] scsi target2:0:0: asynchronous
[    2.409854] scsi 2:0:1:0: Direct-Access     VBOX     HARDDISK         1.0  PQ: 0 ANSI: 5
[    2.414023] scsi target2:0:1: Beginning Domain Validation
[    2.468427] scsi target2:0:1: Domain Validation skipping write tests
[    2.473195] scsi target2:0:1: Ending Domain Validation
[    2.481188] scsi target2:0:1: asynchronous
[    2.510305] sd 2:0:0:0: Attached scsi generic sg0 type 0
[    2.512216] sd 2:0:0:0: [sda] 20971520 512-byte logical blocks: (10.7 GB/10.0 GiB)
[    2.524821] sd 2:0:1:0: [sdb] 20480 512-byte logical blocks: (10.5 MB/10.0 MiB)
[    2.527470] sd 2:0:1:0: Attached scsi generic sg1 type 0
[    2.529797] sd 2:0:1:0: [sdb] Write Protect is off
[    2.534957] sd 2:0:1:0: [sdb] Incomplete mode parameter data
[    2.538321] sd 2:0:1:0: [sdb] Assuming drive cache: write through
[    2.540180] sd 2:0:0:0: [sda] Write Protect is off
[    2.542079] sd 2:0:0:0: [sda] Incomplete mode parameter data
[    2.548317] sd 2:0:0:0: [sda] Assuming drive cache: write through
[    2.553585] sd 2:0:1:0: [sdb] Attached SCSI disk
[    2.555913]  sda: sda1
[    2.559736] sd 2:0:0:0: [sda] Attached SCSI disk
[    2.835810] e1000 0000:00:08.0 eth1: (PCI:33MHz:32-bit) 08:00:27:28:d7:1b
[    2.837917] e1000 0000:00:08.0 eth1: Intel(R) PRO/1000 Network Connection
[    2.840623] e1000 0000:00:03.0 enp0s3: renamed from eth0
[    2.862117] e1000 0000:00:08.0 enp0s8: renamed from eth1
Begin: Loading essential drivers ... [    4.157369] md: linear personality registered for level -1
[    4.162081] md: multipath personality registered for level -4
[    4.166195] md: raid0 personality registered for level 0
[    4.170960] md: raid1 personality registered for level 1
[    4.241269] raid6: sse2x1   gen() 12124 MB/s
[    4.309381] raid6: sse2x1   xor()  9093 MB/s
[    4.377240] raid6: sse2x2   gen() 14657 MB/s
[    4.445383] raid6: sse2x2   xor() 10249 MB/s
[    4.513268] raid6: sse2x4   gen() 14964 MB/s
[    4.581427] raid6: sse2x4   xor() 11652 MB/s
[    4.649129] raid6: avx2x1   gen() 23512 MB/s
[    4.717668] raid6: avx2x2   gen()  6313 MB/s
[    4.785333] raid6: avx2x4   gen() 30555 MB/s
[    4.786759] raid6: using algorithm avx2x4 gen() 30555 MB/s
[    4.788364] raid6: using avx2x2 recovery algorithm
[    4.791116] xor: automatically using best checksumming function:
[    4.837190]    avx       : 51019.000 MB/sec
[    4.839818] async_tx: api initialized (async)
[    4.854727] md: raid6 personality registered for level 6
[    4.856441] md: raid5 personality registered for level 5
[    4.858074] md: raid4 personality registered for level 4
[    4.865024] md: raid10 personality registered for level 10
done.
Begin: Running /scripts/init-premount ... done.
Begin: Mounting root file system ... Begin: Running /scripts/local-top ... done.
Begin: Running /scripts/local-premount ... [    4.890617] Btrfs loaded
Scanning for Btrfs filesystems
done.
Warning: fsck not present, so skipping root file system
[    4.935083] EXT4-fs (sda1): mounted filesystem with ordered data mode. Opts: (null)
done.
Begin: Running /scripts/local-bottom ... done.
Begin: Running /scripts/init-bottom ... done.
[    5.032645] systemd[1]: systemd 229 running in system mode. (+PAM +AUDIT +SELINUX +IMA +APPARMOR +SMACK +SYSVINIT +UTMP +LIBCRYPTSETUP +GCRYPT +GNUTLS +ACL +XZ -LZ4 +SECCOMP +BLKID +ELFUTILS +KMOD -IDN)
[    5.036560] systemd[1]: Detected virtualization oracle.
[    5.037790] systemd[1]: Detected architecture x86-64.

Welcome to [1mUbuntu 16.04.6 LTS[0m!

[    5.203735] systemd[1]: Set hostname to <ubuntu>.
[    5.216511] systemd[1]: Initializing machine ID from random generator.
[    5.219233] systemd[1]: Installed transient /etc/machine-id file.
[    5.378418] systemd[1]: Listening on LVM2 metadata daemon socket.
[[0;32m  OK  [0m] Listening on LVM2 metadata daemon socket.
[    5.381478] systemd[1]: Listening on Journal Socket.
[[0;32m  OK  [0m] Listening on Journal Socket.
[    5.383807] systemd[1]: Listening on LVM2 poll daemon socket.
[[0;32m  OK  [0m] Listening on LVM2 poll daemon socket.
[    5.386453] systemd[1]: Listening on Journal Socket (/dev/log).
[[0;32m  OK  [0m] Listening on Journal Socket (/dev/log).
[    5.389157] systemd[1]: Created slice User and Session Slice.
[[0;32m  OK  [0m] Created slice User and Session Slice.
[    5.391680] systemd[1]: Started Trigger resolvconf update for networkd DNS.
[[0;32m  OK  [0m] Started Trigger resolvconf update for networkd DNS.
[    5.394811] systemd[1]: Created slice System Slice.
[[0;32m  OK  [0m] Created slice System Slice.
[    5.397585] systemd[1]: Reached target Slices.
[[0;32m  OK  [0m] Reached target Slices.
[    5.400179] systemd[1]: Listening on Syslog Socket.
[[0;32m  OK  [0m] Listening on Syslog Socket.
[    5.402770] systemd[1]: Reached target Encrypted Volumes.
[[0;32m  OK  [0m] Reached target Encrypted Volumes.
[    5.420717] systemd[1]: Mounting Debug File System...
         Mounting Debug File System...
[    5.435128] systemd[1]: Mounting POSIX Message Queue File System...
         Mounting POSIX Message Queue File System...
[    5.446254] systemd[1]: Reached target System Time Synchronized.
[[0;32m  OK  [0m] Reached target System Time Synchronized.
[    5.457751] systemd[1]: Reached target Swap.
[[0;32m  OK  [0m] Reached target Swap.
[    5.460843] systemd[1]: Listening on udev Kernel Socket.
[[0;32m  OK  [0m] Listening on udev Kernel Socket.
[    5.474286] systemd[1]: Starting Create list of required static device nodes for the current kernel...
         Starting Create list of required st... nodes for the current kernel...
[    5.485797] systemd[1]: Reached target User and Group Name Lookups.
[[0;32m  OK  [0m] Reached target User and Group Name Lookups.
[    5.489822] systemd[1]: Starting Set console keymap...
         Starting Set console keymap...
[    5.498417] systemd[1]: Mounting Huge Pages File System...
         Mounting Huge Pages File System...
[    5.502134] systemd[1]: Started Forward Password Requests to Wall Directory Watch.
[[0;32m  OK  [0m] Started Forward Password Requests to Wall Directory Watch.
[    5.506416] systemd[1]: Listening on Journal Audit Socket.
[[0;32m  OK  [0m] Listening on Journal Audit Socket.
[    5.510376] systemd[1]: Starting Journal Service...
         Starting Journal Service...
[    5.513251] systemd[1]: Listening on udev Control Socket.
[[0;32m  OK  [0m] Listening on udev Control Socket.
[    5.523134] systemd[1]: Starting Nameserver information manager...
         Starting Nameserver information manager...
[    5.529016] systemd[1]: Starting Load Kernel Modules...
         Starting Load Kernel Modules...
[    5.532471] systemd[1]: Created slice system-serial\x2dgetty.slice.
[[0;32m  OK  [0m] Created slice system-serial\x2dgetty.slice.
[    5.538361] systemd[1]: Starting Remount Root and Kernel File Systems...
[    5.540707] Loading iSCSI transport class v2.0-870.
         Starting Remount Root and Kernel File Systems...
[    5.543364] systemd[1]: Listening on /dev/initctl Compatibility Named Pipe.
[[0;32m  OK  [0m] Listening on /dev/initctl Compatibility Named Pipe.
[    5.547586] EXT4-fs (sda1): re-mounted. Opts: (null)
[    5.548090] systemd[1]: Starting Uncomplicated firewall...
         Starting Uncomplicated firewall...
[    5.552004] systemd[1]: Set up automount Arbitrary Executable File Formats File System Automount Point.
[[0;32m  OK  [0m] Set up automount Arbitrary Executab...ats File System Automount Point.
[    5.555796] iscsi: registered transport (tcp)
[    5.556650] systemd[1]: Listening on Device-mapper event daemon FIFOs.
[[0;32m  OK  [0m] Listening on Device-mapper event daemon FIFOs.
[    5.561317] systemd[1]: Starting Monitoring of LVM2 mirrors, snapshots etc. using dmeventd or progress polling...
         Starting Monitoring of LVM2 mirrors... dmeventd or progress polling...
[    5.570182] systemd[1]: Mounted Debug File System.
[[0;32m  OK  [0m] Mounted Debug File System.
[    5.573308] systemd[1]: Mounted POSIX Message Queue File System.
[[0;32m  OK  [0m] Mounted POSIX Message Queue File System.
[    5.578831] systemd[1]: Mounted Huge Pages File System.
[[0;32m  OK  [0m] Mounted Huge Pages File System.
[    5.582099] systemd[1]: Started Journal Service.
[[0;32m  OK  [0m] Started Journal Service.
[[0;32m  OK  [0m] Started Create list of required sta...ce nodes for the current kernel.
[[0;32m  OK  [0m] Started Set console keymap.
[    5.599057] iscsi: registered transport (iser)
[[0;32m  OK  [0m] Started Load Kernel Modules.
[[0;32m  OK  [0m] Started Remount Root and Kernel File Systems.
[[0;32m  OK  [0m] Started Uncomplicated firewall.
[[0;32m  OK  [0m] Started Nameserver information manager.
[[0;32m  OK  [0m] Started LVM2 metadata daemon.
         Starting udev Coldplug all Devices...
         Starting Load/Save Random Seed...
         Mounting FUSE Control File System...
         Starting Apply Kernel Variables...
         Starting Create Static Device Nodes in /dev...
         Starting Flush Journal to Persistent Storage...
[[0;32m  OK  [0m] Mounted FUSE Control File System.
[    5.690159] random: nonblocking pool is initialized
[[0;32m  OK  [0m] Started Load/Save Random Seed.
[[0;32m  OK  [0m] Started Apply Kernel Variables.
[[0;32m  OK  [0m] Started Create Static Device Nodes in /dev.
         Starting udev Kernel Device Manager...
[[0;32m  OK  [0m] Started Flush Journal to Persistent Storage.
[[0;32m  OK  [0m] Started udev Coldplug all Devices.
[[0;32m  OK  [0m] Started udev Kernel Device Manager.
[[0;32m  OK  [0m] Started Dispatch Password Requests to Console Directory Watch.
[[0;32m  OK  [0m] Found device /dev/ttyS0.
[[0;32m  OK  [0m] Listening on Load/Save RF Kill Switch Status /dev/rfkill Watch.
[[0;32m  OK  [0m] Started Monitoring of LVM2 mirrors,...ng dmeventd or progress polling.
[[0;32m  OK  [0m] Reached target Local File Systems (Pre).
[[0;32m  OK  [0m] Reached target Local File Systems.
         Starting Create Volatile Files and Directories...
         Starting Set console font and keymap...
         Starting Tell Plymouth To Write Out Runtime Data...
         Starting Initial cloud-init job (pre-networking)...
         Starting LSB: AppArmor initialization...
         Starting Commit a transient machine-id on disk...
[[0;32m  OK  [0m] Started Create Volatile Files and Directories.
[[0;32m  OK  [0m] Started Tell Plymouth To Write Out Runtime Data.
         Starting Update UTMP about System Boot/Shutdown...
[[0;32m  OK  [0m] Started Commit a transient machine-id on disk.
[[0;32m  OK  [0m] Started Update UTMP about System Boot/Shutdown.
[[0;32m  OK  [0m] Started LSB: AppArmor initialization.
[[0;32m  OK  [0m] Started Set console font and keymap.
[[0;32m  OK  [0m] Created slice system-getty.slice.
[    6.954936] cloud-init[647]: Cloud-init v. 18.5-45-g3554ffe8-0ubuntu1~16.04.1 running 'init-local' at Wed, 26 Jun 2019 05:49:58 +0000. Up 6.63 seconds.
[[0;32m  OK  [0m] Started Initial cloud-init job (pre-networking).
[[0;32m  OK  [0m] Reached target Network (Pre).
         Starting Raise network interfaces...
[[0;32m  OK  [0m] Started Raise network interfaces.
         Starting Initial cloud-init job (metadata service crawler)...
[[0;32m  OK  [0m] Reached target Network.
[    8.185010] cloud-init[963]: Cloud-init v. 18.5-45-g3554ffe8-0ubuntu1~16.04.1 running 'init' at Wed, 26 Jun 2019 05:49:59 +0000. Up 7.45 seconds.
[    8.188103] cloud-init[963]: ci-info: ++++++++++++++++++++++++++++++++++++++Net device info+++++++++++++++++++++++++++++++++++++++
[    8.190646] cloud-init[963]: ci-info: +--------+-------+----------------------------+---------------+--------+-------------------+
[    8.193216] cloud-init[963]: ci-info: | Device |   Up  |          Address           |      Mask     | Scope  |     Hw-Address    |
[    8.195886] cloud-init[963]: ci-info: +--------+-------+----------------------------+---------------+--------+-------------------+
[    8.198456] cloud-init[963]: ci-info: | enp0s3 |  True |         10.0.2.15          | 255.255.255.0 | global | 02:11:c2:af:aa:45 |
[    8.200867] cloud-init[963]: ci-info: | enp0s3 |  True | fe80::11:c2ff:feaf:aa45/64 |       .       |  link  | 02:11:c2:af:aa:45 |
[    8.203507] cloud-init[963]: ci-info: | enp0s8 | False |             .              |       .       |   .    | 08:00:27:28:d7:1b |
[    8.206045] cloud-init[963]: ci-info: |   lo   |  True |         127.0.0.1          |   255.0.0.0   |  host  |         .         |
[    8.208804] cloud-init[963]: ci-info: |   lo   |  True |          ::1/128           |       .       |  host  |         .         |
[    8.211363] cloud-init[963]: ci-info: +--------+-------+----------------------------+---------------+--------+-------------------+
[    8.214409] cloud-init[963]: ci-info: +++++++++++++++++++++++++++Route IPv4 info++++++++++++++++++++++++++++
[    8.216944] cloud-init[963]: ci-info: +-------+-------------+----------+---------------+-----------+-------+
[    8.219277] cloud-init[963]: ci-info: | Route | Destination | Gateway  |    Genmask    | Interface | Flags |
[    8.221507] cloud-init[963]: ci-info: +-------+-------------+----------+---------------+-----------+-------+
[    8.223752] cloud-init[963]: ci-info: |   0   |   0.0.0.0   | 10.0.2.2 |    0.0.0.0    |   enp0s3  |   UG  |
[    8.226023] cloud-init[963]: ci-info: |   1   |   10.0.2.0  | 0.0.0.0  | 255.255.255.0 |   enp0s3  |   U   |
[    8.228187] [[0;32m  OK  [0m] Started Initial cloud-init job (metadata service crawler).
[[0;32m  OK  [0m] Reached target System Initialization.
cloud-init[963]: ci-info: +-------+-------------+----------+---------------+-----------+-------+
[    8.240614] cloud-init[963]: ci-info: +++++++++++++++++++Route IPv6 info+++++++++++++++++++
[    8.241058] cloud-init[963]: ci-info: +-------+-------------+---------+-----------+-------+
[    8.242223] cloud-init[963]: ci-info: | Route | Destination | Gateway | Interface | Flags |
[    8.243081] cloud-init[963]: ci-info: +-------+-------------+---------+-----------+-------+
[    8.243752] cloud-init[963]: ci-info: |   0   |  fe80::/64  |    ::   |   enp0s3  |   U   |
[    8.244874] cloud-init[963]: ci-info: |   3   |   ff00::/8  |    ::   |   enp0s3  |   U   |
[    8.245698] cloud-init[963]: ci-info: +-------+-------------+---------+-----------+-------+
[    8.246318] cloud-init[963]: Generating public/private rsa key pair.
[    8.247174] cloud-init[963]: Your identification has been saved in /etc/ssh/ssh_host_rsa_key.
[    8.248057] cloud-init[963]: Your public key has been saved in /etc/ssh/ssh_host_rsa_key.pub.
[    8.248862] cloud-init[963]: The key fingerprint is:
         Starting LXD - unix socket.
[    8.249767] cloud-init[963]: SHA256:n/3GfXOG5dpAMTHigJtIuWYhkTxSzdwI/F+luvuQzcY root@ubuntu-xenial
[    8.255248] cloud-init[963]: The key's randomart image is:
[    8.255485] cloud-init[963]: +---[RSA 2048]----+
[    8.256361] cloud-init[963]: |   ++B + .. . o  |
[    8.257198] cloud-init[963]: |  . * O o  o.. o |
[    8.258026] cloud-init[963]: |   . = + o o. o  |
[    8.258426] cloud-init[963]: |      * o o    o |
[    8.259272] cloud-init[963]: |     o .So    .  |
[[0;32m  OK  [0m] Started ACPI Events Check.
[[    8.259832] cloud-init[963]: |        o* o .  .|
[    8.269916] cloud-init[963]: |        o.E ...= |
[    8.271327] cloud-init[963]: |        .o   .++*|
[    8.272469] cloud-init[963]: |        .o.  .oo=|
[    8.273377] cloud-init[963]: +----[SHA256]-----+
[    8.274402] cloud-init[963]: Generating public/private dsa key pair.
[    8.274886] cloud-init[963]: Your identification has been saved in /etc/ssh/ssh_host_dsa_key.
[    8.275610] cloud-init[963]: Your public key has been saved in /etc/ssh/ssh_host_dsa_key.pub.
[    8.276866] cloud-init[963]: The key fingerprint is:
[    8.277591] cloud-init[963]: SHA256:IhuLlTpEKQn8+7dZlyNRxdA9uiryGrxN573UzPlbiVc root@ubuntu-xenial
[    8.278322] cloud-init[963]: The key's randomart image is:
[    8.279099] cloud-init[963]: +---[DSA 1024]----+
[    8.279836] cloud-init[963]: |o          .+..  |
[    8.280585] cloud-init[963]: |.o .        .o o |
[    8.281994] cloud-init[963]: |o +        .  . .|
[    8.282281] cloud-init[963]: | o . .    .  .   |
[    8.283551] cloud-init[963]: |  . * . S.    . E|
[    8.284408] cloud-init[963]: | . = =..  . ..= +|
[0;32m  OK  [0m] Reached target Paths.
[    8.285737] cloud-init[963]: |  + +  o + =.o B.|
         [    8.285804] cloud-init[963]: |   . . oB.=.+ . o|
[    8.290811] cloud-init[963]: |      .==o.. o..o|
[    8.291713] cloud-init[963]: +----[SHA256]-----+
[    8.292670] cloud-init[963]: Generating public/private ecdsa key pair.
[    8.293563] cloud-init[963]: Your identification has been saved in /etc/ssh/ssh_host_ecdsa_key.
[    8.294174] cloud-init[963]: Your public key has been saved in /etc/ssh/ssh_host_ecdsa_key.pub.
[    8.294770] cloud-init[963]: The key fingerprint is:
[    8.295374] cloud-init[963]: SHA256:WyOZLwy4cGvDKb2BnArWIEcy4jmBu51FMDwD135PrIM root@ubuntu-xenial
[    8.296907] cloud-init[963]: The key's randomart image is:
[    8.297799] cloud-init[963]: +---[ECDSA 256]---+
[    8.298403] cloud-init[963]: |.o+.             |
[    8.299005] cloud-init[963]: |..+o.            |
Starting Socket activation for snappy daemon.
[    8.299788] cloud-init[963]: |=..+.  .         |
[    8.303172] cloud-init[963]: |o=o.... oo       |
[    8.304353] cloud-init[963]: |o=o +o.+S o      |
[    8.305261] cloud-init[963]: |.=+XE+oo.= .     |
[    8.305882] cloud-init[963]: |o.B.X  .+ .      |
[    8.306794] cloud-init[963]: |o. o +   .       |
[[0;32m  OK  [0m] Listening on ACPID Listen Socket.
[[    8.306988] cloud-init[963]: |.   .            |
[    8.308752] cloud-init[963]: +----[SHA256]-----+
[    8.309593] cloud-init[963]: Generating public/private ed25519 key pair.
[    8.310429] cloud-init[963]: Your identification has been saved in /etc/ssh/ssh_host_ed25519_key.
[    8.311274] cloud-init[963]: Your public key has been saved in /etc/ssh/ssh_host_ed25519_key.pub.
[0;32m  OK  [0m] Started Daily Cleanup of Temporary Directories.
[    8.312220] cloud-init[963]: The key fingerprint is:
[    8.315093] cloud-init[963]: SHA256:CvGTt3YxkeSv8pKopshDh6/NSdclwzOsfN9ODuTqYdI root@ubuntu-xenial
[    8.315323] cloud-init[963]: The key's randomart image is:
[[    8.316068] [0;32m  OK  [0mcloud-init] [963]: Started Daily apt download activities.+--[ED25519 256]--+

[    8.319192] cloud-init[963]: |          .      |
[    8.319380] cloud-init[963]: |         o .     |
[    8.320445] cloud-init[963]: |    .     +      |
[    8.320820] cloud-init[963]: |     oo.   o     |
[    8.321701] cloud-init[963]: |  . . +BSoo .    |
[    8.322641] cloud-init[963]: | o ...++O. +     |
[    8.323072] cloud-init[963]: |. o. =.E++o.     |
[    8.323896] cloud-init[963]: |.o+.+ =.*+=      |
[    8.324737] cloud-init[963]: |.o+*...o oo+     |
[    8.325138] cloud-init[963]: +----[SHA256]-----+
[[0;32m  OK  [0m] Started Daily apt upgrade and clean activities.
[[0;32m  OK  [0m] Reached target Timers.
[[0;32m  OK  [0m] Listening on UUID daemon activation socket.
[[0;32m  OK  [0m] Listening on D-Bus System Message Bus Socket.
[[0;32m  OK  [0m] Reached target Cloud-config availability.
[[0;32m  OK  [0m] Reached target Network is Online.
         Starting iSCSI initiator daemon (iscsid)...
[[0;32m  OK  [0m] Listening on LXD - unix socket.
[[0;32m  OK  [0m] Listening on Socket activation for snappy daemon.
[[0;32m  OK  [0m] Reached target Sockets.
[[0;32m  OK  [0m] Reached target Basic System.
         Starting LSB: MD monitoring daemon...
         Starting Pollinate to seed the pseudo random number generator...
[[0;32m  OK  [0m] Started Unattended Upgrades Shutdown.
         Starting Accounts Service...
         Starting LXD - container startup/shutdown...
[[0;32m  OK  [0m] Started D-Bus System Message Bus.
         Starting LSB: Record successful boot for GRUB...
[[0;32m  OK  [0m] Started FUSE filesystem for LXC.
         Starting /etc/rc.local Compatibility...
         Starting System Logging Service...
         Starting Login Service...
         Starting Snappy daemon...
[[0;32m  OK  [0m] Started Deferred execution scheduler.
[[0;32m  OK  [0m] Started Regular background program processing daemon.
         Starting Virtualbox guest utils...
[[0;32m  OK  [0m] Started ACPI event daemon.
[[0;32m  OK  [0m] Started iSCSI initiator daemon (iscsid).
[[0;32m  OK  [0m] Started /etc/rc.local Compatibility.
[[0;32m  OK  [0m] Started System Logging Service.
[[0;32m  OK  [0m] Started LSB: MD monitoring daemon.
[[0;32m  OK  [0m] Started LXD - container startup/shutdown.
         Starting Authenticate and Authorize Users to Run Privileged Tasks...
         Starting Login to default iSCSI targets...
[[0;32m  OK  [0m] Started Login Service.
[[0;32m  OK  [0m] Started LSB: Record successful boot for GRUB.
[[0;32m  OK  [0m] Started Authenticate and Authorize Users to Run Privileged Tasks.
[[0;32m  OK  [0m] Started Accounts Service.
[[0;32m  OK  [0m] Started Login to default iSCSI targets.
[[0;32m  OK  [0m] Reached target Remote File Systems (Pre).
[[0;32m  OK  [0m] Reached target Remote File Systems.
         Starting Permit User Sessions...
         Starting LSB: automatic crash report generation...
         Starting LSB: Set the CPU Frequency Scaling governor to "ondemand"...
         Starting LSB: daemon to balance interrupts for SMP systems...
[[0;32m  OK  [0m] Started Permit User Sessions.
[[0;32m  OK  [0m] Started Virtualbox guest utils.
         Starting Hold until boot process finishes up...
         Starting Terminate Plymouth Boot Screen...
[[0;32m  OK  [0m] Started LSB: automatic crash report generation.
[[0;32m  OK  [0m] Started LSB: Set the CPU Frequency Scaling governor to "ondemand".
[[0;32m  OK  [0m] Started LSB: daemon to balance interrupts for SMP systems.
[[0;32m  OK  [0m] Started Hold until boot process finishes up.
[[0;32m  OK  [0m] Started Terminate Plymouth Boot Screen.
[[0;32m  OK  [0m] Started Snappy daemon.
         Starting Wait until snapd is fully seeded...
[[0;32m  OK  [0m] Started Serial Getty on ttyS0.
         Starting Set console scheme...
[[0;32m  OK  [0m] Started Getty on tty1.
[[0;32m  OK  [0m] Reached target Login Prompts.
[[0;32m  OK  [0m] Started Set console scheme.
[[0;32m  OK  [0m] Started Pollinate to seed the pseudo random number generator.
         Starting OpenBSD Secure Shell server...
[[0;32m  OK  [0m] Started OpenBSD Secure Shell server.
[[0;32m  OK  [0m] Created slice User Slice of vagrant.
         Starting User Manager for UID 1000...
[[0;32m  OK  [0m] Started Session 1 of user vagrant.
[[0;32m  OK  [0m] Started User Manager for UID 1000.
         Stopping User Manager for UID 1000...
[[0;32m  OK  [0m] Stopped User Manager for UID 1000.
[[0;32m  OK  [0m] Created slice User Slice of vagrant.
         Starting User Manager for UID 1000...
[[0;32m  OK  [0m] Started User Manager for UID 1000.
[[0;32m  OK  [0m] Started Session 2 of user vagrant.
[   14.418747] cloud-init[1721]: Generating locales (this might take a while)...

Ubuntu 16.04.6 LTS ubuntu-xenial ttyS0

ubuntu-xenial login: [   15.636287] cloud-init[1721]:   en_US.UTF-8... done
[   15.637821] cloud-init[1721]: Generation complete.
[   16.028907] cloud-init[1721]: Cloud-init v. 18.5-45-g3554ffe8-0ubuntu1~16.04.1 running 'modules:config' at Wed, 26 Jun 2019 05:50:05 +0000. Up 14.29 seconds.
ci-info: no authorized ssh keys fingerprints found for user ubuntu.
<14>Jun 26 05:50:08 ec2: 
<14>Jun 26 05:50:08 ec2: #############################################################
<14>Jun 26 05:50:08 ec2: -----BEGIN SSH HOST KEY FINGERPRINTS-----
<14>Jun 26 05:50:08 ec2: 1024 SHA256:IhuLlTpEKQn8+7dZlyNRxdA9uiryGrxN573UzPlbiVc root@ubuntu-xenial (DSA)
<14>Jun 26 05:50:08 ec2: 256 SHA256:WyOZLwy4cGvDKb2BnArWIEcy4jmBu51FMDwD135PrIM root@ubuntu-xenial (ECDSA)
<14>Jun 26 05:50:08 ec2: 256 SHA256:CvGTt3YxkeSv8pKopshDh6/NSdclwzOsfN9ODuTqYdI root@ubuntu-xenial (ED25519)
<14>Jun 26 05:50:08 ec2: 2048 SHA256:n/3GfXOG5dpAMTHigJtIuWYhkTxSzdwI/F+luvuQzcY root@ubuntu-xenial (RSA)
<14>Jun 26 05:50:08 ec2: -----END SSH HOST KEY FINGERPRINTS-----
<14>Jun 26 05:50:08 ec2: #############################################################
-----BEGIN SSH HOST KEY KEYS-----
ecdsa-sha2-nistp256 AAAAE2VjZHNhLXNoYTItbmlzdHAyNTYAAAAIbmlzdHAyNTYAAABBBCqZ2YeEj4KeTidHyh043AtMmGXFZhlF9B7QBX0nraRCa7D7xIVy29AceP/p6skL7yjgQpLMSlF7Jt7Rokjj55U= root@ubuntu-xenial
ssh-ed25519 AAAAC3NzaC1lZDI1NTE5AAAAINYI+ZTC/UUgtNkGCmzUcANSvbrssNJP4sVKIFbYdnZH root@ubuntu-xenial
ssh-rsa AAAAB3NzaC1yc2EAAAADAQABAAABAQCnageojN2yZ72hP49P93SajP18TAAqqDzUx/tD/abUkijQmOJf6luYxi9kyeIJ/Xg/lRnxFsmvDT7YXidYNthjwYR3vG6rdKCdSPziAUfPIkQRCm6McR3TBexyOv3Djax/xiBvpKPqR7T5CXFPWXlxkC36hP6ZDVDieMVX/I9YZdFE8AVKBoXDxzgok97ZUxAYwOYHZUATatsDhAFayaO4ixFD5jYb/rwHUai0e3QSPkcPjdk0UE+iUA0YJIcY6/SUA6J9Jd/ntYKTFRFZlYXVVvfQEqbAxRkXR7BaQI13ToqXEpEhYzpBVDQH7hVkcQ6Cnl0ovD5Tzj0v1MOv9e07 root@ubuntu-xenial
-----END SSH HOST KEY KEYS-----
[   16.507311] cloud-init[1926]: Cloud-init v. 18.5-45-g3554ffe8-0ubuntu1~16.04.1 running 'modules:final' at Wed, 26 Jun 2019 05:50:07 +0000. Up 16.35 seconds.
[   16.510910] cloud-init[1926]: ci-info: no authorized ssh keys fingerprints found for user ubuntu.
[   16.513366] cloud-init[1926]: Cloud-init v. 18.5-45-g3554ffe8-0ubuntu1~16.04.1 finished at Wed, 26 Jun 2019 05:50:08 +0000. Datasource DataSourceNoCloud [seed=/dev/sdb][dsmode=net].  Up 16.48 seconds
