[    0.000000] Initializing cgroup subsys cpuset
[    0.000000] Initializing cgroup subsys cpu
[    0.000000] Initializing cgroup subsys cpuacct
[    0.000000] Linux version 4.4.0-148-generic (buildd@lgw01-amd64-031) (gcc version 5.4.0 20160609 (Ubuntu 5.4.0-6ubuntu1~16.04.10) ) #174-Ubuntu SMP Tue May 7 12:20:14 UTC 2019 (Ubuntu 4.4.0-148.174-generic 4.4.177)
[    0.000000] Command line: BOOT_IMAGE=/boot/vmlinuz-4.4.0-148-generic root=LABEL=cloudimg-rootfs ro console=tty1 console=ttyS0
[    0.000000] KERNEL supported cpus:
[    0.000000]   Intel GenuineIntel
[    0.000000]   AMD AuthenticAMD
[    0.000000]   Centaur CentaurHauls
[    0.000000] x86/fpu: xstate_offset[2]:  576, xstate_sizes[2]:  256
[    0.000000] x86/fpu: Supporting XSAVE feature 0x01: 'x87 floating point registers'
[    0.000000] x86/fpu: Supporting XSAVE feature 0x02: 'SSE registers'
[    0.000000] x86/fpu: Supporting XSAVE feature 0x04: 'AVX registers'
[    0.000000] x86/fpu: Enabled xstate features 0x7, context size is 832 bytes, using 'standard' format.
[    0.000000] e820: BIOS-provided physical RAM map:
[    0.000000] BIOS-e820: [mem 0x0000000000000000-0x000000000009fbff] usable
[    0.000000] BIOS-e820: [mem 0x000000000009fc00-0x000000000009ffff] reserved
[    0.000000] BIOS-e820: [mem 0x00000000000f0000-0x00000000000fffff] reserved
[    0.000000] BIOS-e820: [mem 0x0000000000100000-0x000000001ffeffff] usable
[    0.000000] BIOS-e820: [mem 0x000000001fff0000-0x000000001fffffff] ACPI data
[    0.000000] BIOS-e820: [mem 0x00000000fec00000-0x00000000fec00fff] reserved
[    0.000000] BIOS-e820: [mem 0x00000000fee00000-0x00000000fee00fff] reserved
[    0.000000] BIOS-e820: [mem 0x00000000fffc0000-0x00000000ffffffff] reserved
[    0.000000] NX (Execute Disable) protection: active
[    0.000000] SMBIOS 2.5 present.
[    0.000000] Hypervisor detected: KVM
[    0.000000] e820: last_pfn = 0x1fff0 max_arch_pfn = 0x400000000
[    0.000000] MTRR: Disabled
[    0.000000] x86/PAT: MTRRs disabled, skipping PAT initialization too.
[    0.000000] CPU MTRRs all blank - virtualized system.
[    0.000000] x86/PAT: Configuration [0-7]: WB  WT  UC- UC  WB  WT  UC- UC  
[    0.000000] found SMP MP-table at [mem 0x0009fff0-0x0009ffff] mapped at [ffff88000009fff0]
[    0.000000] Scanning 1 areas for low memory corruption
[    0.000000] RAMDISK: [mem 0x1e8ad000-0x1f727fff]
[    0.000000] ACPI: Early table checksum verification disabled
[    0.000000] ACPI: RSDP 0x00000000000E0000 000024 (v02 VBOX  )
[    0.000000] ACPI: XSDT 0x000000001FFF0030 00003C (v01 VBOX   VBOXXSDT 00000001 ASL  00000061)
[    0.000000] ACPI: FACP 0x000000001FFF00F0 0000F4 (v04 VBOX   VBOXFACP 00000001 ASL  00000061)
[    0.000000] ACPI: DSDT 0x000000001FFF0470 0022EA (v02 VBOX   VBOXBIOS 00000002 INTL 20100528)
[    0.000000] ACPI: FACS 0x000000001FFF0200 000040
[    0.000000] ACPI: FACS 0x000000001FFF0200 000040
[    0.000000] ACPI: APIC 0x000000001FFF0240 00005C (v02 VBOX   VBOXAPIC 00000001 ASL  00000061)
[    0.000000] ACPI: SSDT 0x000000001FFF02A0 0001CC (v01 VBOX   VBOXCPUT 00000002 INTL 20100528)
[    0.000000] No NUMA configuration found
[    0.000000] Faking a node at [mem 0x0000000000000000-0x000000001ffeffff]
[    0.000000] NODE_DATA(0) allocated [mem 0x1ffeb000-0x1ffeffff]
[    0.000000] kvm-clock: Using msrs 4b564d01 and 4b564d00
[    0.000000] kvm-clock: cpu 0, msr 0:1ffe3001, primary cpu clock
[    0.000000] kvm-clock: using sched offset of 5048652803 cycles
[    0.000000] clocksource: kvm-clock: mask: 0xffffffffffffffff max_cycles: 0x1cd42e4dffb, max_idle_ns: 881590591483 ns
[    0.000000] Zone ranges:
[    0.000000]   DMA      [mem 0x0000000000001000-0x0000000000ffffff]
[    0.000000]   DMA32    [mem 0x0000000001000000-0x000000001ffeffff]
[    0.000000]   Normal   empty
[    0.000000]   Device   empty
[    0.000000] Movable zone start for each node
[    0.000000] Early memory node ranges
[    0.000000]   node   0: [mem 0x0000000000001000-0x000000000009efff]
[    0.000000]   node   0: [mem 0x0000000000100000-0x000000001ffeffff]
[    0.000000] Initmem setup node 0 [mem 0x0000000000001000-0x000000001ffeffff]
[    0.000000] ACPI: PM-Timer IO Port: 0x4008
[    0.000000] IOAPIC[0]: apic_id 2, version 32, address 0xfec00000, GSI 0-23
[    0.000000] ACPI: INT_SRC_OVR (bus 0 bus_irq 0 global_irq 2 dfl dfl)
[    0.000000] ACPI: INT_SRC_OVR (bus 0 bus_irq 9 global_irq 9 low level)
[    0.000000] Using ACPI (MADT) for SMP configuration information
[    0.000000] smpboot: Allowing 2 CPUs, 0 hotplug CPUs
[    0.000000] PM: Registered nosave memory: [mem 0x00000000-0x00000fff]
[    0.000000] PM: Registered nosave memory: [mem 0x0009f000-0x0009ffff]
[    0.000000] PM: Registered nosave memory: [mem 0x000a0000-0x000effff]
[    0.000000] PM: Registered nosave memory: [mem 0x000f0000-0x000fffff]
[    0.000000] e820: [mem 0x20000000-0xfebfffff] available for PCI devices
[    0.000000] Booting paravirtualized kernel on KVM
[    0.000000] clocksource: refined-jiffies: mask: 0xffffffff max_cycles: 0xffffffff, max_idle_ns: 7645519600211568 ns
[    0.000000] setup_percpu: NR_CPUS:512 nr_cpumask_bits:512 nr_cpu_ids:2 nr_node_ids:1
[    0.000000] PERCPU: Embedded 34 pages/cpu @ffff88001fc00000 s99480 r8192 d31592 u1048576
[    0.000000] Built 1 zonelists in Node order, mobility grouping on.  Total pages: 128888
[    0.000000] Policy zone: DMA32
[    0.000000] Kernel command line: BOOT_IMAGE=/boot/vmlinuz-4.4.0-148-generic root=LABEL=cloudimg-rootfs ro console=tty1 console=ttyS0
[    0.000000] PID hash table entries: 2048 (order: 2, 16384 bytes)
[    0.000000] Memory: 481652K/523832K available (8609K kernel code, 1334K rwdata, 4028K rodata, 1484K init, 1284K bss, 42180K reserved, 0K cma-reserved)
[    0.000000] SLUB: HWalign=64, Order=0-3, MinObjects=0, CPUs=2, Nodes=1
[    0.000000] Kernel/User page tables isolation: enabled
[    0.000000] Hierarchical RCU implementation.
[    0.000000] 	Build-time adjustment of leaf fanout to 64.
[    0.000000] 	RCU restricting CPUs from NR_CPUS=512 to nr_cpu_ids=2.
[    0.000000] RCU: Adjusting geometry for rcu_fanout_leaf=64, nr_cpu_ids=2
[    0.000000] NR_IRQS:33024 nr_irqs:440 16
[    0.000000] Console: colour VGA+ 80x25
[    0.000000] console [tty1] enabled
[    0.000000] console [ttyS0] enabled
[    0.000000] tsc: Detected 2304.000 MHz processor
[    0.177284] Calibrating delay loop (skipped) preset value.. 4608.00 BogoMIPS (lpj=9216000)
[    0.179216] pid_max: default: 32768 minimum: 301
[    0.180825] ACPI: Core revision 20150930
[    0.182673] ACPI: 2 ACPI AML tables successfully acquired and loaded
[    0.184845] Security Framework initialized
[    0.185956] Yama: becoming mindful.
[    0.186924] AppArmor: AppArmor initialized
[    0.188068] Dentry cache hash table entries: 65536 (order: 7, 524288 bytes)
[    0.190409] Inode-cache hash table entries: 32768 (order: 6, 262144 bytes)
[    0.192531] Mount-cache hash table entries: 1024 (order: 1, 8192 bytes)
[    0.193953] Mountpoint-cache hash table entries: 1024 (order: 1, 8192 bytes)
[    0.196273] Initializing cgroup subsys io
[    0.198648] Initializing cgroup subsys memory
[    0.200078] Initializing cgroup subsys devices
[    0.201349] Initializing cgroup subsys freezer
[    0.202658] Initializing cgroup subsys net_cls
[    0.204102] Initializing cgroup subsys perf_event
[    0.205714] Initializing cgroup subsys net_prio
[    0.206745] Initializing cgroup subsys hugetlb
[    0.208185] Initializing cgroup subsys pids
[    0.211150] mce: CPU supports 0 MCE banks
[    0.212748] Last level iTLB entries: 4KB 64, 2MB 8, 4MB 8
[    0.214130] Last level dTLB entries: 4KB 64, 2MB 0, 4MB 0, 1GB 4
[    0.215992] Spectre V2 : Mitigation: Full generic retpoline
[    0.217539] Spectre V2 : Spectre v2 / SpectreRSB mitigation: Filling RSB on context switch
[    0.219944] Speculative Store Bypass: Vulnerable
[    0.221649] MDS: Vulnerable: Clear CPU buffers attempted, no microcode
[    0.225908] Freeing SMP alternatives memory: 36K
[    0.232776] ftrace: allocating 32293 entries in 127 pages
[    0.286687] smpboot: APIC(0) Converting physical 0 to logical package 0
[    0.288702] smpboot: Max logical packages: 1
[    0.290060] x2apic enabled
[    0.290952] Switched APIC routing to physical x2apic.
[    0.293093] ..TIMER: vector=0x30 apic1=0 pin1=2 apic2=-1 pin2=-1
[    0.403746] smpboot: CPU0: Intel(R) Core(TM) i5-7360U CPU @ 2.30GHz (family: 0x6, model: 0x8e, stepping: 0x9)
[    0.407004] Performance Events: unsupported p6 CPU model 142 no PMU driver, software events only.
[    0.418724] KVM setup paravirtual spinlock
[    0.420821] x86: Booting SMP configuration:
[    0.422256] .... node  #0, CPUs:      #1
[    0.423567] kvm-clock: cpu 1, msr 0:1ffe3041, secondary cpu clock
[    0.426412] mce: CPU supports 0 MCE banks
[    0.429801] x86: Booted up 1 node, 2 CPUs
[    0.431370] smpboot: Total of 2 processors activated (9216.00 BogoMIPS)
[    0.435049] devtmpfs: initialized
[    0.437825] evm: security.selinux
[    0.439124] evm: security.SMACK64
[    0.440320] evm: security.SMACK64EXEC
[    0.441194] evm: security.SMACK64TRANSMUTE
[    0.442138] evm: security.SMACK64MMAP
[    0.443128] evm: security.ima
[    0.444096] evm: security.capability
[    0.445607] clocksource: jiffies: mask: 0xffffffff max_cycles: 0xffffffff, max_idle_ns: 7645041785100000 ns
[    0.448328] futex hash table entries: 512 (order: 3, 32768 bytes)
[    0.449775] pinctrl core: initialized pinctrl subsystem
[    0.451045] RTC time:  2:50:36, date: 06/25/19
[    0.452354] NET: Registered protocol family 16
[    0.464513] cpuidle: using governor ladder
[    0.476846] cpuidle: using governor menu
[    0.478777] PCCT header not found.
[    0.480157] ACPI: bus type PCI registered
[    0.481529] acpiphp: ACPI Hot Plug PCI Controller Driver version: 0.5
[    0.483515] PCI: Using configuration type 1 for base access
[    0.497826] ACPI: Added _OSI(Module Device)
[    0.499541] ACPI: Added _OSI(Processor Device)
[    0.501292] ACPI: Added _OSI(3.0 _SCP Extensions)
[    0.502896] ACPI: Added _OSI(Processor Aggregator Device)
[    0.505616] ACPI: Executed 1 blocks of module-level executable AML code
[    0.510100] ACPI: Interpreter enabled
[    0.511399] ACPI: (supports S0 S5)
[    0.512454] ACPI: Using IOAPIC for interrupt routing
[    0.513723] PCI: Using host bridge windows from ACPI; if necessary, use "pci=nocrs" and report a bug
[    0.520375] ACPI: PCI Root Bridge [PCI0] (domain 0000 [bus 00-ff])
[    0.522144] acpi PNP0A03:00: _OSC: OS supports [ASPM ClockPM Segments MSI]
[    0.524616] acpi PNP0A03:00: _OSC: not requesting OS control; OS requires [ExtendedConfig ASPM ClockPM MSI]
[    0.527861] acpi PNP0A03:00: fail to add MMCONFIG information, can't access extended PCI configuration space under this bridge.
[    0.531301] PCI host bridge to bus 0000:00
[    0.532468] pci_bus 0000:00: root bus resource [io  0x0000-0x0cf7 window]
[    0.534110] pci_bus 0000:00: root bus resource [io  0x0d00-0xffff window]
[    0.535862] pci_bus 0000:00: root bus resource [mem 0x000a0000-0x000bffff window]
[    0.537934] pci_bus 0000:00: root bus resource [mem 0x20000000-0xfdffffff window]
[    0.539697] pci_bus 0000:00: root bus resource [bus 00-ff]
[    0.543694] pci 0000:00:01.1: legacy IDE quirk: reg 0x10: [io  0x01f0-0x01f7]
[    0.545794] pci 0000:00:01.1: legacy IDE quirk: reg 0x14: [io  0x03f6]
[    0.547240] pci 0000:00:01.1: legacy IDE quirk: reg 0x18: [io  0x0170-0x0177]
[    0.548774] pci 0000:00:01.1: legacy IDE quirk: reg 0x1c: [io  0x0376]
[    0.561277] pci 0000:00:07.0: quirk: [io  0x4000-0x403f] claimed by PIIX4 ACPI
[    0.571385] pci 0000:00:07.0: quirk: [io  0x4100-0x410f] claimed by PIIX4 SMB
[    0.580926] ACPI: PCI Interrupt Link [LNKA] (IRQs 5 9 10 *11)
[    0.583287] ACPI: PCI Interrupt Link [LNKB] (IRQs 5 9 *10 11)
[    0.585031] ACPI: PCI Interrupt Link [LNKC] (IRQs 5 *9 10 11)
[    0.587281] ACPI: PCI Interrupt Link [LNKD] (IRQs 5 9 10 *11)
[    0.589187] ACPI: Enabled 2 GPEs in block 00 to 07
[    0.591206] vgaarb: setting as boot device: PCI:0000:00:02.0
[    0.592809] vgaarb: device added: PCI:0000:00:02.0,decodes=io+mem,owns=io+mem,locks=none
[    0.595093] vgaarb: loaded
[    0.595985] vgaarb: bridge control possible 0000:00:02.0
[    0.597377] SCSI subsystem initialized
[    0.598822] ACPI: bus type USB registered
[    0.600023] usbcore: registered new interface driver usbfs
[    0.601611] usbcore: registered new interface driver hub
[    0.603307] usbcore: registered new device driver usb
[    0.604782] PCI: Using ACPI for IRQ routing
[    0.606220] NetLabel: Initializing
[    0.607202] NetLabel:  domain hash size = 128
[    0.608298] NetLabel:  protocols = UNLABELED CIPSOv4
[    0.609448] NetLabel:  unlabeled traffic allowed by default
[    0.610886] amd_nb: Cannot enumerate AMD northbridges
[    0.612120] clocksource: Switched to clocksource kvm-clock
[    0.619433] AppArmor: AppArmor Filesystem Enabled
[    0.621043] pnp: PnP ACPI init
[    0.622955] pnp: PnP ACPI: found 3 devices
[    0.635947] clocksource: acpi_pm: mask: 0xffffff max_cycles: 0xffffff, max_idle_ns: 2085701024 ns
[    0.638667] NET: Registered protocol family 2
[    0.640332] TCP established hash table entries: 4096 (order: 3, 32768 bytes)
[    0.642335] TCP bind hash table entries: 4096 (order: 4, 65536 bytes)
[    0.644166] TCP: Hash tables configured (established 4096 bind 4096)
[    0.646128] UDP hash table entries: 256 (order: 1, 8192 bytes)
[    0.648126] UDP-Lite hash table entries: 256 (order: 1, 8192 bytes)
[    0.649641] NET: Registered protocol family 1
[    0.650807] pci 0000:00:00.0: Limiting direct PCI/PCI transfers
[    0.652655] pci 0000:00:01.0: Activating ISA DMA hang workarounds
[    0.656953] Unpacking initramfs...
[    0.881459] Freeing initrd memory: 14828K
[    0.882996] clocksource: tsc: mask: 0xffffffffffffffff max_cycles: 0x2135f7c97c8, max_idle_ns: 440795273205 ns
[    0.885968] platform rtc_cmos: registered platform RTC device (no PNP device found)
[    0.888109] Scanning for low memory corruption every 60 seconds
[    0.889805] audit: initializing netlink subsys (disabled)
[    0.891422] audit: type=2000 audit(1561431043.124:1): initialized
[    0.893287] Initialise system trusted keyring
[    0.894896] HugeTLB registered 2 MB page size, pre-allocated 0 pages
[    0.897600] zbud: loaded
[    0.898614] VFS: Disk quotas dquot_6.6.0
[    0.899981] VFS: Dquot-cache hash table entries: 512 (order 0, 4096 bytes)
[    0.902065] squashfs: version 4.0 (2009/01/31) Phillip Lougher
[    0.903796] fuse init (API version 7.23)
[    0.905234] Key type big_key registered
[    0.906390] Allocating IMA MOK and blacklist keyrings.
[    0.909734] Key type asymmetric registered
[    0.911063] Asymmetric key parser 'x509' registered
[    0.912225] Block layer SCSI generic (bsg) driver version 0.4 loaded (major 249)
[    0.914145] io scheduler noop registered
[    0.915535] io scheduler deadline registered (default)
[    0.917466] io scheduler cfq registered
[    0.919198] pci_hotplug: PCI Hot Plug PCI Core version: 0.5
[    0.921456] pciehp: PCI Express Hot Plug Controller Driver version: 0.4
[    0.923201] ACPI: AC Adapter [AC] (on-line)
[    0.924652] input: Power Button as /devices/LNXSYSTM:00/LNXPWRBN:00/input/input0
[    0.927165] ACPI: Power Button [PWRF]
[    0.928666] input: Sleep Button as /devices/LNXSYSTM:00/LNXSLPBN:00/input/input1
[    0.930899] ACPI: Sleep Button [SLPF]
[    0.933356] ACPI: Battery Slot [BAT0] (battery present)
[    0.934735] GHES: HEST is not enabled!
[    0.935814] Serial: 8250/16550 driver, 32 ports, IRQ sharing enabled
[    0.958268] 00:02: ttyS0 at I/O 0x3f8 (irq = 4, base_baud = 115200) is a 16550A
[    0.961346] Linux agpgart interface v0.103
[    0.963546] loop: module loaded
[    0.964982] scsi host0: ata_piix
[    0.966346] scsi host1: ata_piix
[    0.967496] ata1: PATA max UDMA/33 cmd 0x1f0 ctl 0x3f6 bmdma 0xd000 irq 14
[    0.969054] ata2: PATA max UDMA/33 cmd 0x170 ctl 0x376 bmdma 0xd008 irq 15
[    0.970615] libphy: Fixed MDIO Bus: probed
[    0.971667] tun: Universal TUN/TAP device driver, 1.6
[    0.972889] tun: (C) 1999-2004 Max Krasnyansky <maxk@qualcomm.com>
[    0.974508] PPP generic driver version 2.4.2
[    0.975799] ehci_hcd: USB 2.0 'Enhanced' Host Controller (EHCI) Driver
[    0.977273] ehci-pci: EHCI PCI platform driver
[    0.978312] ehci-platform: EHCI generic platform driver
[    0.979487] ohci_hcd: USB 1.1 'Open' Host Controller (OHCI) Driver
[    0.980858] ohci-pci: OHCI PCI platform driver
[    0.981898] ohci-platform: OHCI generic platform driver
[    0.983755] uhci_hcd: USB Universal Host Controller Interface driver
[    0.985672] i8042: PNP: PS/2 Controller [PNP0303:PS2K,PNP0f03:PS2M] at 0x60,0x64 irq 1,12
[    0.988075] serio: i8042 KBD port at 0x60,0x64 irq 1
[    0.989357] serio: i8042 AUX port at 0x60,0x64 irq 12
[    0.991244] mousedev: PS/2 mouse device common for all mice
[    0.993532] rtc_cmos rtc_cmos: rtc core: registered rtc_cmos as rtc0
[    0.995000] input: AT Translated Set 2 keyboard as /devices/platform/i8042/serio0/input/input2
[    0.997139] rtc_cmos rtc_cmos: alarms up to one day, 114 bytes nvram
[    0.998988] i2c /dev entries driver
[    1.000358] device-mapper: uevent: version 1.0.3
[    1.001509] device-mapper: ioctl: 4.34.0-ioctl (2015-10-28) initialised: dm-devel@redhat.com
[    1.003985] ledtrig-cpu: registered to indicate activity on CPUs
[    1.006348] NET: Registered protocol family 10
[    1.008518] NET: Registered protocol family 17
[    1.009934] Key type dns_resolver registered
[    1.011131] registered taskstats version 1
[    1.012114] Loading compiled-in X.509 certificates
[    1.013672] Loaded X.509 cert 'Build time autogenerated kernel key: 5103689f9da3e841c6100f8bb032b132cf76e38d'
[    1.016589] zswap: loaded using pool lzo/zbud
[    1.020162] Key type trusted registered
[    1.024740] Key type encrypted registered
[    1.026123] AppArmor: AppArmor sha1 policy hashing enabled
[    1.027328] ima: No TPM chip found, activating TPM-bypass!
[    1.028586] ima: Allocated hash algorithm: sha1
[    1.029633] evm: HMAC attrs: 0x1
[    1.030933]   Magic number: 7:874:814
[    1.032432] rtc_cmos rtc_cmos: setting system clock to 2019-06-25 02:50:37 UTC (1561431037)
[    1.034685] BIOS EDD facility v0.16 2004-Jun-25, 0 devices found
[    1.036428] EDD information not available.
[    1.126576] Freeing unused kernel memory: 1484K
[    1.128341] Write protecting the kernel read-only data: 14336k
[    1.131133] Freeing unused kernel memory: 1620K
[    1.132532] Freeing unused kernel memory: 68K
Loading, please wait...
starting version 229
[    1.146240] random: systemd-udevd: uninitialized urandom read (16 bytes read, 3 bits of entropy available)
[    1.146970] random: udevadm: uninitialized urandom read (16 bytes read, 3 bits of entropy available)
[    1.146992] random: udevadm: uninitialized urandom read (16 bytes read, 3 bits of entropy available)
[    1.155661] random: udevadm: uninitialized urandom read (16 bytes read, 3 bits of entropy available)
[    1.155707] random: udevadm: uninitialized urandom read (16 bytes read, 3 bits of entropy available)
[    1.155848] random: udevadm: uninitialized urandom read (16 bytes read, 3 bits of entropy available)
[    1.155908] random: udevadm: uninitialized urandom read (16 bytes read, 3 bits of entropy available)
[    1.155965] random: udevadm: uninitialized urandom read (16 bytes read, 3 bits of entropy available)
[    1.156016] random: udevadm: uninitialized urandom read (16 bytes read, 3 bits of entropy available)
[    1.156072] random: udevadm: uninitialized urandom read (16 bytes read, 3 bits of entropy available)
[    1.202339] e1000: Intel(R) PRO/1000 Network Driver - version 7.3.21-k8-NAPI
[    1.204845] e1000: Copyright (c) 1999-2006 Intel Corporation.
[    1.208762] Fusion MPT base driver 3.04.20
[    1.209769] Copyright (c) 1999-2008 LSI Corporation
[    1.230557] AVX2 version of gcm_enc/dec engaged.
[    1.231966] AES CTR mode by8 optimization enabled
[    1.236676] Fusion MPT SPI Host driver 3.04.20
[    1.433346] input: ImExPS/2 Generic Explorer Mouse as /devices/platform/i8042/serio1/input/input4
[    1.607802] e1000 0000:00:03.0 eth0: (PCI:33MHz:32-bit) 02:11:c2:af:aa:45
[    1.610348] e1000 0000:00:03.0 eth0: Intel(R) PRO/1000 Network Connection
[    2.034890] e1000 0000:00:08.0 eth1: (PCI:33MHz:32-bit) 08:00:27:15:07:62
[    2.037118] e1000 0000:00:08.0 eth1: Intel(R) PRO/1000 Network Connection
[    2.039899] e1000 0000:00:03.0 enp0s3: renamed from eth0
[    2.041952] mptbase: ioc0: Initiating bringup
[    2.053267] e1000 0000:00:08.0 enp0s8: renamed from eth1
[    2.105295] ioc0: LSI53C1030 A0: Capabilities={Initiator}
[    2.271924] scsi host2: ioc0: LSI53C1030 A0, FwRev=00000000h, Ports=1, MaxQ=256, IRQ=20
[    2.386107] scsi 2:0:0:0: Direct-Access     VBOX     HARDDISK         1.0  PQ: 0 ANSI: 5
[    2.389949] scsi target2:0:0: Beginning Domain Validation
[    2.393541] scsi target2:0:0: Domain Validation skipping write tests
[    2.395482] scsi target2:0:0: Ending Domain Validation
[    2.396976] scsi target2:0:0: asynchronous
[    2.398500] scsi 2:0:1:0: Direct-Access     VBOX     HARDDISK         1.0  PQ: 0 ANSI: 5
[    2.400682] scsi target2:0:1: Beginning Domain Validation
[    2.403636] scsi target2:0:1: Domain Validation skipping write tests
[    2.405708] scsi target2:0:1: Ending Domain Validation
[    2.415000] scsi target2:0:1: asynchronous
[    2.421865] sd 2:0:0:0: Attached scsi generic sg0 type 0
[    2.423333] sd 2:0:1:0: Attached scsi generic sg1 type 0
[    2.423440] sd 2:0:0:0: [sda] 20971520 512-byte logical blocks: (10.7 GB/10.0 GiB)
[    2.427343] sd 2:0:1:0: [sdb] 20480 512-byte logical blocks: (10.5 MB/10.0 MiB)
[    2.427427] sd 2:0:0:0: [sda] Write Protect is off
[    2.430561] sd 2:0:0:0: [sda] Incomplete mode parameter data
[    2.430774] sd 2:0:1:0: [sdb] Write Protect is off
[    2.430894] sd 2:0:1:0: [sdb] Incomplete mode parameter data
[    2.430895] sd 2:0:1:0: [sdb] Assuming drive cache: write through
[    2.432632] sd 2:0:1:0: [sdb] Attached SCSI disk
[    2.438622] sd 2:0:0:0: [sda] Assuming drive cache: write through
[    2.443244]  sda: sda1
[    2.445153] sd 2:0:0:0: [sda] Attached SCSI disk
Begin: Loading essential drivers ... [    3.734193] md: linear personality registered for level -1
[    3.738345] md: multipath personality registered for level -4
[    3.742601] md: raid0 personality registered for level 0
[    3.747739] md: raid1 personality registered for level 1
[    3.820257] raid6: sse2x1   gen() 11923 MB/s
[    3.888286] raid6: sse2x1   xor()  9104 MB/s
[    3.956165] raid6: sse2x2   gen() 14922 MB/s
[    4.024364] raid6: sse2x2   xor()  6586 MB/s
[    4.092709] raid6: sse2x4   gen() 14138 MB/s
[    4.160205] raid6: sse2x4   xor() 11484 MB/s
[    4.228522] raid6: avx2x1   gen() 23523 MB/s
[    4.296183] raid6: avx2x2   gen() 28298 MB/s
[    4.364355] raid6: avx2x4   gen() 28078 MB/s
[    4.365729] raid6: using algorithm avx2x2 gen() 28298 MB/s
[    4.366966] raid6: using avx2x2 recovery algorithm
[    4.369050] xor: automatically using best checksumming function:
[    4.408143]    avx       : 26723.000 MB/sec
[    4.410970] async_tx: api initialized (async)
[    4.422326] md: raid6 personality registered for level 6
[    4.424287] md: raid5 personality registered for level 5
[    4.426270] md: raid4 personality registered for level 4
[    4.434055] md: raid10 personality registered for level 10
done.
Begin: Running /scripts/init-premount ... done.
Begin: Mounting root file system ... Begin: Running /scripts/local-top ... done.
Begin: Running /scripts/local-premount ... [    4.462773] Btrfs loaded
Scanning for Btrfs filesystems
done.
Warning: fsck not present, so skipping root file system
[    4.503230] EXT4-fs (sda1): mounted filesystem with ordered data mode. Opts: (null)
done.
Begin: Running /scripts/local-bottom ... done.
Begin: Running /scripts/init-bottom ... done.
[    4.614257] systemd[1]: systemd 229 running in system mode. (+PAM +AUDIT +SELINUX +IMA +APPARMOR +SMACK +SYSVINIT +UTMP +LIBCRYPTSETUP +GCRYPT +GNUTLS +ACL +XZ -LZ4 +SECCOMP +BLKID +ELFUTILS +KMOD -IDN)
[    4.618407] systemd[1]: Detected virtualization oracle.
[    4.619616] systemd[1]: Detected architecture x86-64.

Welcome to [1mUbuntu 16.04.6 LTS[0m!

[    4.624610] systemd[1]: Set hostname to <ubuntu-xenial>.
[    4.785856] systemd[1]: Reached target User and Group Name Lookups.
[[0;32m  OK  [0m] Reached target User and Group Name Lookups.
[    4.788943] systemd[1]: Listening on /dev/initctl Compatibility Named Pipe.
[[0;32m  OK  [0m] Listening on /dev/initctl Compatibility Named Pipe.
[    4.791839] systemd[1]: Listening on udev Control Socket.
[[0;32m  OK  [0m] Listening on udev Control Socket.
[    4.794108] systemd[1]: Listening on Device-mapper event daemon FIFOs.
[[0;32m  OK  [0m] Listening on Device-mapper event daemon FIFOs.
[    4.797426] systemd[1]: Reached target System Time Synchronized.
[[0;32m  OK  [0m] Reached target System Time Synchronized.
[    4.800149] systemd[1]: Listening on LVM2 metadata daemon socket.
[[0;32m  OK  [0m] Listening on LVM2 metadata daemon socket.
[    4.802641] systemd[1]: Started Trigger resolvconf update for networkd DNS.
[[0;32m  OK  [0m] Started Trigger resolvconf update for networkd DNS.
[    4.805614] systemd[1]: Set up automount Arbitrary Executable File Formats File System Automount Point.
[[0;32m  OK  [0m] Set up automount Arbitrary Executab...ats File System Automount Point.
[    4.809935] systemd[1]: Reached target Encrypted Volumes.
[[0;32m  OK  [0m] Reached target Encrypted Volumes.
[    4.817199] systemd[1]: Listening on Journal Socket (/dev/log).
[[0;32m  OK  [0m] Listening on Journal Socket (/dev/log).
[    4.820915] systemd[1]: Reached target Swap.
[[0;32m  OK  [0m] Reached target Swap.
[    4.823614] systemd[1]: Listening on Journal Audit Socket.
[[0;32m  OK  [0m] Listening on Journal Audit Socket.
[    4.826705] systemd[1]: Created slice User and Session Slice.
[[0;32m  OK  [0m] Created slice User and Session Slice.
[    4.829106] systemd[1]: Listening on udev Kernel Socket.
[[0;32m  OK  [0m] Listening on udev Kernel Socket.
[    4.831161] systemd[1]: Started Forward Password Requests to Wall Directory Watch.
[[0;32m  OK  [0m] Started Forward Password Requests to Wall Directory Watch.
[    4.835011] systemd[1]: Listening on Syslog Socket.
[[0;32m  OK  [0m] Listening on Syslog Socket.
[    4.837443] systemd[1]: Listening on Journal Socket.
[[0;32m  OK  [0m] Listening on Journal Socket.
[    4.839816] systemd[1]: Listening on LVM2 poll daemon socket.
[[0;32m  OK  [0m] Listening on LVM2 poll daemon socket.
[    4.843111] systemd[1]: Created slice System Slice.
[[0;32m  OK  [0m] Created slice System Slice.
[    4.856379] systemd[1]: Starting Nameserver information manager...
         Starting Nameserver information manager...
[    4.864763] systemd[1]: Starting Remount Root and Kernel File Systems...
         Starting Remount Root and Kernel File Systems...
[    4.870323] systemd[1]: Mounting Huge Pages File System...
         Mounting Huge Pages Fil[    4.872633] EXT4-fs (sda1): re-mounted. Opts: (null)
e System...
[    4.875989] systemd[1]: Starting Set console keymap...
         Starting Set console keymap...
[    4.879671] systemd[1]: Reached target Slices.
[[0;32m  OK  [0m] Reached target Slices.
[    4.884321] systemd[1]: Starting Uncomplicated firewall...
         Starting Uncomplicated firewall...
[    4.890215] systemd[1]: Starting Journal Service...
         Starting Journal Service...
[    4.898608] systemd[1]: Starting Load Kernel Modules...
         Starting Load Kernel Modules...
[    4.903375] systemd[1]: Created slice system-serial\x2dgetty.slice.
[[0;32m  OK  [0m] Created slice system-serial\x2dgetty.slice.
[    4.915262] Loading iSCSI transport class v2.0-870.
[    4.925186] iscsi: registered transport (tcp)
[    4.932738] systemd[1]: Starting Monitoring of LVM2 mirrors, snapshots etc. using dmeventd or progress polling...
         Starting Monitoring of LVM2 mirrors... dmeventd or progress polling...
[    4.939356] systemd[1]: Starting Create list of required static device nodes for the current kernel...
         Starting Create list of required st... nodes for the current kernel...
[    4.947774] systemd[1]: Mounting POSIX Message Queue File System...
         Mounting POSIX Message Queue File System...
[    4.955570] systemd[1]: Mounting Debug File System...
         Mounting Debug File System...
[    4.963027] systemd[1]: Mounted POSIX Message Queue File System.
[[0;32m  OK  [0m] Mounted POSIX Message Queue File System.
[    4.966994] systemd[1]: Mounted Huge Pages File System.
[[0;32m  OK  [0m] Mounted Huge Pages File System.
[    4.972722] systemd[1]: Mounted Debug File System.
[[0;32m  OK  [0m] Mounted Debug File System.
[    4.977194] systemd[1]: Started Remount Root and Kernel File Systems.
[[0;32m  OK  [0m] Started Remount Root and Kernel File Systems.
[    4.983271] systemd[1]: Started Set console keymap.
[[0;32m  OK  [0m] Started Set console keymap.
[    4.987660] systemd[1]: Started Uncomplicated firewall.
[[0;32m  OK  [0m] Started Uncomplicated firewall.
[    4.992656] systemd[1]: Started Create list of required static device nodes for the current kernel.
[[0;32m  OK  [0m] Started Create list of required sta...ce nodes for the current kernel.
[    5.001311] iscsi: registered transport (iser)
[    5.009235] systemd[1]: Started Nameserver information manager.
[[0;32m  OK  [0m] Started Nameserver information manager.
[    5.015023] systemd[1]: Started Load Kernel Modules.
[[0;32m  OK  [0m] Started Load Kernel Modules.
[    5.019975] systemd[1]: Started Journal Service.
[[0;32m  OK  [0m] Started Journal Service.
[[0;32m  OK  [0m] Started LVM2 metadata daemon.
         Starting Apply Kernel Variables...
         Mounting FUSE Control File System...
         Starting Create Static Device Nodes in /dev...
         Starting Load/Save Random Seed...
         Starting udev Coldplug all Devices...
         Starting Flush Journal to Persistent Storage...
[[0;32m  OK  [0m] Mounted FUSE Control File System.
[[0;32m  OK  [0m] Started Load/Save Random Seed.
[[0;32m  OK  [0m] Started Apply Kernel Variables.
[[0;32m  OK  [0m] Started Create Static Device Nodes in /dev.
[[0;32m  OK  [0m] Started Flush Journal to Persistent Storage.
[[0;32m  OK  [0m] Started udev Coldplug all Devices.
         Starting udev Kernel Device Manager...
[[0;32m  OK  [0m] Started udev Kernel Device Manager.
[[0;32m  OK  [0m] Started Dispatch Password Requests to Console Directory Watch.
[[0;32m  OK  [0m] Found device /dev/ttyS0.
[[0;32m  OK  [0m] Listening on Load/Save RF Kill Switch Status /dev/rfkill Watch.
[[0;32m  OK  [0m] Started Monitoring of LVM2 mirrors,...ng dmeventd or progress polling.
[[0;32m  OK  [0m] Reached target Local File Systems (Pre).
[[0;32m  OK  [0m] Reached target Local File Systems.
         Starting LSB: AppArmor initialization...
         Starting Initial cloud-init job (pre-networking)...
         Starting Create Volatile Files and Directories...
         Starting Tell Plymouth To Write Out Runtime Data...
         Starting Set console font and keymap...
[[0;32m  OK  [0m] Started Create Volatile Files and Directories.
[[0;32m  OK  [0m] Started Tell Plymouth To Write Out Runtime Data.
         Starting Update UTMP about System Boot/Shutdown...
[[0;32m  OK  [0m] Started Update UTMP about System Boot/Shutdown.
[[0;32m  OK  [0m] Started LSB: AppArmor initialization.
[[0;32m  OK  [0m] Found device 82540EM Gigabit Ethern...r (PRO/1000 MT Desktop Adapter).
[[0;32m  OK  [0m] Found device 82540EM Gigabit Ethern...r (PRO/1000 MT Desktop Adapter).
[    6.021916] cloud-init[557]: Cloud-init v. 18.5-45-g3554ffe8-0ubuntu1~16.04.1 running 'init-local' at Tue, 25 Jun 2019 02:50:42 +0000. Up 5.71 seconds.
[[0;32m  OK  [0m] Started Set console font and keymap.
[[0;32m  OK  [0m] Created slice system-getty.slice.
[[0;32m  OK  [0m] Started Initial cloud-init job (pre-networking).
[[0;32m  OK  [0m] Reached target Network (Pre).
         Starting Raise network interfaces...
[[0;32m  OK  [0m] Started ifup for enp0s3.
[[0;32m  OK  [0m] Started ifup for enp0s8.
[[0;32m  OK  [0m] Started Raise network interfaces.
[[0;32m  OK  [0m] Reached target Network.
         Starting Initial cloud-init job (metadata service crawler)...
[    6.692867] cloud-init[1069]: Cloud-init v. 18.5-45-g3554ffe8-0ubuntu1~16.04.1 running 'init' at Tue, 25 Jun 2019 02:50:43 +0000. Up 6.46 seconds.
[    6.694384] cloud-init[1069]: ci-info: ++++++++++++++++++++++++++++++++++++++Net device info++++++++++++++++++++++++++++++++++++++
[    6.708627] cloud-init[1069]: ci-info: +--------+------+----------------------------+---------------+--------+-------------------+
[    6.710297] cloud-init[1069]: ci-info: | Device |  Up  |          Address           |      Mask     | Scope  |     Hw-Address    |
[    6.711503] cloud-init[1069]: ci-info: +--------+------+----------------------------+---------------+--------+-------------------+
[    6.713249] cloud-init[1069]: ci-info: | enp0s3 | True |         10.0.2.15          | 255.255.255.0 | global | 02:11:c2:af:aa:45 |
[    6.715516] cloud-init[1069]: ci-info: | enp0s3 | True | fe80::11:c2ff:feaf:aa45/64 |       .       |  link  | 02:11:c2:af:aa:45 |
[    6.717816] cloud-init[1069]: ci-info: | enp0s8 | True |         10.1.1.16          | 255.255.255.0 | global | 08:00:27:15:07:62 |
[    6.720252] cloud-init[1069]: ci-info: | enp0s8 | True | fe80::a00:27ff:fe15:762/64 |       .       |  link  | 08:00:27:15:07:62 |
[    6.722808] cloud-init[1069]: ci-info: |   lo   | True |         127.0.0.1          |   255.0.0.0   |  host  |         .         |
[    6.732834] cloud-init[1069]: ci-info: |   lo   | True |          ::1/128           |       .       |  host  |         .         |
[    6.735104] cloud-init[1069]: ci-info: +--------+------+----------------------------+---------------+--------+-------------------+
[    6.737324] cloud-init[1069]: ci-info: +++++++++++++++++++++++++++Route IPv4 info++++++++++++++++++++++++++++
[    6.744656] cloud-init[1069]: ci-info: +-------+-------------+----------+---------------+-----------+-------+
[    6.746283] cloud-init[1069]: ci-info: | Route | Destination | Gateway  |    Genmask    | Interface | Flags |
[    6.748311] cloud-init[1069]: ci-info: +-------+-------------+----------+---------------+-----------+-------+
[    6.749723] cloud-init[1069]: ci-info: |   0   |   0.0.0.0   | 10.0.2.2 |    0.0.0.0    |   enp0s3  |   UG  |
[    6.751464] cloud-init[1069]: ci-info: |   1   |   10.0.2.0  | 0.0.0.0  | 255.255.255.0 |   enp0s3  |   U   |
[    6.753225] cloud-init[1069]: ci-info: |   2   |   10.1.1.0  | 0.0.0.0  | 255.255.255.0 |   enp0s8  |   U   |
[    6.765328] cloud-init[1069]: ci-info: +-------+-------------+----------+---------------+-----------+-------+
[    6.765767] cloud-init[1069]: ci-info: +++++++++++++++++++Route IPv6 info+++++++++++++++++++
[    6.766896] cloud-init[1069]: ci-info: +-------+-------------+---------+-----------+-------+
[    6.767944] cloud-init[1069]: ci-info: | Route | Destination | Gateway | Interface | Flags |
[    6.769419] cloud-init[1069]: ci-info: +-------+-------------+---------+-----------+-------+
[    6.770436] cloud-init[1069]: ci-info: |   0   |  fe80::/64  |    ::   |   enp0s8  |   U   |
[    6.771317] cloud-init[1069]: ci-info: |   1   |  fe80::/64  |    ::   |   enp0s3  |   U   |
[    6.772718] cloud-init[1069]: ci-info: |   4   |   ff00::/8  |    ::   |   enp0s8  |   U   |
[    6.773727] cloud-init[1069]: ci-info: |   5   |   ff00::/8  |    ::   |   enp0s3  |   U   |
[    6.774751] cloud-init[1069]: ci-info: +-------+-------------+---------+-----------+-------+
[[0;32m  OK  [0m] Started Initial cloud-init job (metadata service crawler).
[[0;32m  OK  [0m] Reached target Cloud-config availability.
[[0;32m  OK  [0m] Reached target Network is Online.
         Starting iSCSI initiator daemon (iscsid)...
[[0;32m  OK  [0m] Reached target System Initialization.
[[0;32m  OK  [0m] Listening on UUID daemon activation socket.
[[0;32m  OK  [0m] Started Daily apt download activities.
[[0;32m  OK  [0m] Started Daily Cleanup of Temporary Directories.
         Starting Docker Socket for the API.
[[0;32m  OK  [0m] Started Daily apt upgrade and clean activities.
[[0;32m  OK  [0m] Reached target Timers.
[[0;32m  OK  [0m] Listening on ACPID Listen Socket.
         Starting LXD - unix socket.
[[0;32m  OK  [0m] Started ACPI Events Check.
[[0;32m  OK  [0m] Reached target Paths.
         Starting Socket activation for snappy daemon.
[[0;32m  OK  [0m] Listening on D-Bus System Message Bus Socket.
[[0;32m  OK  [0m] Listening on Docker Socket for the API.
[[0;32m  OK  [0m] Listening on LXD - unix socket.
[[0;32m  OK  [0m] Listening on Socket activation for snappy daemon.
[[0;32m  OK  [0m] Started iSCSI initiator daemon (iscsid).
         Starting Login to default iSCSI targets...
[[0;32m  OK  [0m] Reached target Sockets.
[[0;32m  OK  [0m] Reached target Basic System.
         Starting Accounts Service...
[[0;32m  OK  [0m] Started FUSE filesystem for LXC.
[[0;32m  OK  [0m] Started Unattended Upgrades Shutdown.
         Starting System Logging Service...
[[0;32m  OK  [0m] Started D-Bus System Message Bus.
         Starting /etc/rc.local Compatibility...
         Starting Virtualbox guest utils...
         Starting LXD - container startup/shutdown...
         Starting Login Service...
[[0;32m  OK  [0m] Started Deferred execution scheduler.
[[0;32m  OK  [0m] Started Regular background program processing daemon.
         Starting OpenBSD Secure Shell server...
         Starting Snappy daemon...
         Starting LSB: Record successful boot for GRUB...
[[0;32m  OK  [0m] Started ACPI event daemon.
         Starting LSB: MD monitoring daemon...
         Starting Docker Application Container Engine...
[[0;32m  OK  [0m] Started System Logging Service.
[[0;32m  OK  [0m] Started /etc/rc.local Compatibility.
[[0;32m  OK  [0m] Started Login to default iSCSI targets.
[[0;32m  OK  [0m] Started OpenBSD Secure Shell server.
[[0;32m  OK  [0m] Started LXD - container startup/shutdown.
[[0;32m  OK  [0m] Started LSB: Record successful boot for GRUB.
[[0;32m  OK  [0m] Started LSB: MD monitoring daemon.
         Starting Authenticate and Authorize Users to Run Privileged Tasks...
[[0;32m  OK  [0m] Reached target Remote File Systems (Pre).
[[0;32m  OK  [0m] Reached target Remote File Systems.
         Starting LSB: Set up cgroupfs mounts....
         Starting LSB: automatic crash report generation...
         Starting Permit User Sessions...
         Starting LSB: daemon to balance interrupts for SMP systems...
         Starting LSB: Set the CPU Frequency Scaling governor to "ondemand"...
[[0;32m  OK  [0m] Started Snappy daemon.
[[0;32m  OK  [0m] Started LSB: Set up cgroupfs mounts..
[[0;32m  OK  [0m] Started Permit User Sessions.
[[0;32m  OK  [0m] Started Login Service.
[[0;32m  OK  [0m] Started Authenticate and Authorize Users to Run Privileged Tasks.
[[0;32m  OK  [0m] Started Accounts Service.
[[0;32m  OK  [0m] Started Virtualbox guest utils.
         Starting Terminate Plymouth Boot Screen...
         Starting Hold until boot process finishes up...
         Starting Wait until snapd is fully seeded...
[[0;32m  OK  [0m] Started LSB: automatic crash report generation.
[[0;32m  OK  [0m] Started LSB: daemon to balance interrupts for SMP systems.
[[0;32m  OK  [0m] Started LSB: Set the CPU Frequency Scaling governor to "ondemand".
[[0;32m  OK  [0m] Started Terminate Plymouth Boot Screen.
[[0;32m  OK  [0m] Started Hold until boot process finishes up.
[[0;32m  OK  [0m] Started Wait until snapd is fully seeded.
         Starting Apply the settings specified in cloud-config...
[[0;32m  OK  [0m] Started Getty on tty1.
         Starting Set console scheme...
[[0;32m  OK  [0m] Started Serial Getty on ttyS0.
[[0;32m  OK  [0m] Reached target Login Prompts.
[[0;32m  OK  [0m] Started Set console scheme.
[    7.848374] cloud-init[1332]: Cloud-init v. 18.5-45-g3554ffe8-0ubuntu1~16.04.1 running 'modules:config' at Tue, 25 Jun 2019 02:50:44 +0000. Up 7.76 seconds.
[[0;32m  OK  [0m] Started Apply the settings specified in cloud-config.
[[0;32m  OK  [0m] Started Docker Application Container Engine.
[[0;32m  OK  [0m] Reached target Multi-User System.
[[0;32m  OK  [0m] Reached target Graphical Interface.
         Starting Update UTMP about System Runlevel Changes...
         Starting Execute cloud user/final scripts...
[[0;32m  OK  [0m] Started Update UTMP about System Runlevel Changes.
[    9.155144] cloud-init[1500]: Cloud-init v. 18.5-45-g3554ffe8-0ubuntu1~16.04.1 running 'modules:final' at Tue, 25 Jun 2019 02:50:45 +0000. Up 9.07 seconds.
[    9.164876] cloud-init[1500]: Cloud-init v. 18.5-45-g3554ffe8-0ubuntu1~16.04.1 finished at Tue, 25 Jun 2019 02:50:45 +0000. Datasource DataSourceNoCloud [seed=/dev/sdb][dsmode=net].  Up 9.15 seconds
[[0;32m  OK  [0m] Started Execute cloud user/final scripts.
[[0;32m  OK  [0m] Reached target Cloud-init target.

Ubuntu 16.04.6 LTS ubuntu-xenial ttyS0

ubuntu-xenial login: 